Command: /home/chadaya/.espressif/python_env/idf5.5_py3.12_env/bin/python /home/chadaya/esp/esp-idf/tools/idf_monitor.py -p /dev/ttyUSB0 -b 115200 --toolchain-prefix xtensa-esp32-elf- --target esp32 --revision 0 /home/chadaya/documents/projects/cpp_projects/esp/esp_test/build/testing.elf /home/chadaya/documents/projects/cpp_projects/esp/esp_test/build/bootloader/bootloader.elf -m '/home/chadaya/.espressif/python_env/idf5.5_py3.12_env/bin/python' '/home/chadaya/esp/esp-idf/tools/idf.py'
ets Jul 29 2019 12:21:46

rst:0x1 (POWERON_RESET),boot:0x13 (SPI_FAST_FLASH_BOOT)
configsip: 0, SPIWP:0xee
clk_drv:0x00,q_drv:0x00,d_drv:0x00,cs0_drv:0x00,hd_drv:0x00,wp_drv:0x00
mode:DIO, clock div:2
load:0x3fff0030,len:6380
ho 0 tail 12 room 4
load:0x40078000,len:15916
load:0x40080400,len:3860
entry 0x40080638
[0;32mI (29) boot: ESP-IDF v5.5.1 2nd stage bootloader[0m
[0;32mI (29) boot: compile time Feb  6 2026 20:48:53[0m
[0;32mI (29) boot: Multicore bootloader[0m
[0;32mI (31) boot: chip revision: v3.1[0m
[0;32mI (33) boot.esp32: SPI Speed      : 40MHz[0m
[0;32mI (37) boot.esp32: SPI Mode       : DIO[0m
[0;32mI (41) boot.esp32: SPI Flash Size : 2MB[0m
[0;32mI (44) boot: Enabling RNG early entropy source...[0m
[0;32mI (49) boot: Partition Table:[0m
[0;32mI (51) boot: ## Label            Usage          Type ST Offset   Length[0m
[0;32mI (58) boot:  0 nvs              WiFi data        01 02 00009000 00006000[0m
[0;32mI (64) boot:  1 phy_init         RF data          01 01 0000f000 00001000[0m
[0;32mI (71) boot:  2 factory          factory app      00 00 00010000 00100000[0m
[0;32mI (77) boot: End of partition table[0m
[0;32mI (81) esp_image: segment 0: paddr=00010020 vaddr=3f400020 size=12f24h ( 77604) map[0m
[0;32mI (115) esp_image: segment 1: paddr=00022f4c vaddr=3ffb0000 size=024f8h (  9464) load[0m
[0;32mI (118) esp_image: segment 2: paddr=0002544c vaddr=40080000 size=0abcch ( 43980) load[0m
[0;32mI (136) esp_image: segment 3: paddr=00030020 vaddr=400d0020 size=59404h (365572) map[0m
[0;32mI (261) esp_image: segment 4: paddr=0008942c vaddr=4008abcc size=029b0h ( 10672) load[0m
[0;32mI (265) esp_image: segment 5: paddr=0008bde4 vaddr=50000000 size=00020h (    32) load[0m
[0;32mI (272) boot: Loaded app from partition at offset 0x10000[0m
[0;32mI (272) boot: Disabling RNG early entropy source...[0m
[0;32mI (286) cpu_start: Multicore app[0m
[0;32mI (295) cpu_start: Pro cpu start user code[0m
[0;32mI (295) cpu_start: cpu freq: 160000000 Hz[0m
[0;32mI (295) app_init: Application information:[0m
[0;32mI (295) app_init: Project name:     testing[0m
[0;32mI (299) app_init: App version:      a540103-dirty[0m
[0;32mI (303) app_init: Compile time:     Feb  7 2026 18:42:40[0m
[0;32mI (308) app_init: ELF file SHA256:  88bdbddc2...[0m
[0;32mI (313) app_init: ESP-IDF:          v5.5.1[0m
[0;32mI (317) efuse_init: Min chip rev:     v0.0[0m
[0;32mI (320) efuse_init: Max chip rev:     v3.99 [0m
[0;32mI (324) efuse_init: Chip rev:         v3.1[0m
[0;32mI (328) heap_init: Initializing. RAM available for dynamic allocation:[0m
[0;32mI (335) heap_init: At 3FFAE6E0 len 00001920 (6 KiB): DRAM[0m
[0;32mI (340) heap_init: At 3FFB4C10 len 0002B3F0 (172 KiB): DRAM[0m
[0;32mI (345) heap_init: At 3FFE0440 len 00003AE0 (14 KiB): D/IRAM[0m
[0;32mI (350) heap_init: At 3FFE4350 len 0001BCB0 (111 KiB): D/IRAM[0m
[0;32mI (356) heap_init: At 4008D57C len 00012A84 (74 KiB): IRAM[0m
[0;32mI (362) spi_flash: detected chip: generic[0m
[0;32mI (365) spi_flash: flash io: dio[0m
[0;33mW (368) spi_flash: Detected size(4096k) larger than the size in the binary image header(2048k). Using the size in the binary image header.[0m
[0;32mI (383) main_task: Started on CPU0[0m
[0;32mI (393) main_task: Calling app_main()[0m

assert failed: tcpip_send_msg_wait_sem /IDF/components/lwip/lwip/src/api/tcpip.c:454 (Invalid mbox)


Backtrace: 0x4008548d:0x3ffb5ba0 0x40085455:0x3ffb5bc0 0x4008b911:0x3ffb5be0 0x400e0c8b:0x3ffb5d00 0x400ec64e:0x3ffb5d30 0x400ec6e1:0x3ffb5d50 0x400e0ae5:0x3ffb5da0 0x400d9e8f:0x3ffb5dc0 0x400da4d8:0x3ffb5e20 0x400d81e5:0x3ffb5e50 0x400d8213:0x3ffb5ee0 0x40128ae8:0x3ffb5f00 0x40085fb5:0x3ffb5f30




ELF file SHA256: 88bdbddc2

Rebooting...
ets Jul 29 2019 12:21:46

rst:0xc (SW_CPU_RESET),boot:0x13 (SPI_FAST_FLASH_BOOT)
configsip: 0, SPIWP:0xee
clk_drv:0x00,q_drv:0x00,d_drv:0x00,cs0_drv:0x00,hd_drv:0x00,wp_drv:0x00
mode:DIO, clock div:2
load:0x3fff0030,len:6380
ho 0 tail 12 room 4
load:0x40078000,len:15916
load:0x40080400,len:3860
entry 0x40080638
[0;32mI (29) boot: ESP-IDF v5.5.1 2nd stage bootloader[0m
[0;32mI (29) boot: compile time Feb  6 2026 20:48:53[0m
[0;32mI (29) boot: Multicore bootloader[0m
[0;32mI (31) boot: chip revision: v3.1[0m
[0;32mI (33) boot.esp32: SPI Speed      : 40MHz[0m
[0;32mI (37) boot.esp32: SPI Mode       : DIO[0m
[0;32mI (41) boot.esp32: SPI Flash Size : 2MB[0m
[0;32mI (44) boot: Enabling RNG early entropy source...[0m
[0;32mI (49) boot: Partition Table:[0m
[0;32mI (51) boot: ## Label            Usage          Type ST Offset   Length[0m
[0;32mI (58) boot:  0 nvs              WiFi data        01 02 00009000 00006000[0m
[0;32mI (64) boot:  1 phy_init         RF data          01 01 0000f000 00001000[0m
[0;32mI (71) boot:  2 factory          factory app      00 00 00010000 00100000[0m
[0;32mI (77) boot: End of partition table[0m
[0;32mI (80) esp_image: segment 0: paddr=00010020 vaddr=3f400020 size=12f24h ( 77604) map[0m
[0;32mI (114) esp_image: segment 1: paddr=00022f4c vaddr=3ffb0000 size=024f8h (  9464) load[0m
[0;32mI (118) esp_image: segment 2: paddr=0002544c vaddr=40080000 size=0abcch ( 43980) load[0m
[0;32mI (136) esp_image: segment 3: paddr=00030020 vaddr=400d0020 size=59404h (365572) map[0m
[0;32mI (261) esp_image: segment 4: paddr=0008942c vaddr=4008abcc size=029b0h ( 10672) load[0m
[0;32mI (265) esp_image: segment 5: paddr=0008bde4 vaddr=50000000 size=00020h (    32) load[0m
[0;32mI (272) boot: Loaded app from partition at offset 0x10000[0m
[0;32mI (272) boot: Disabling RNG early entropy source...[0m
[0;32mI (286) cpu_start: Multicore app[0m
[0;32mI (295) cpu_start: Pro cpu start user code[0m
[0;32mI (295) cpu_start: cpu freq: 160000000 Hz[0m
[0;32mI (295) app_init: Application information:[0m
[0;32mI (295) app_init: Project name:     testing[0m
[0;32mI (299) app_init: App version:      a540103-dirty[0m
[0;32mI (303) app_init: Compile time:     Feb  7 2026 18:42:40[0m
[0;32mI (308) app_init: ELF file SHA256:  88bdbddc2...[0m
[0;32mI (313) app_init: ESP-IDF:          v5.5.1[0m
[0;32mI (316) efuse_init: Min chip rev:     v0.0[0m
[0;32mI (320) efuse_init: Max chip rev:     v3.99 [0m
[0;32mI (324) efuse_init: Chip rev:         v3.1[0m
[0;32mI (328) heap_init: Initializing. RAM available for dynamic allocation:[0m
[0;32mI (335) heap_init: At 3FFAE6E0 len 00001920 (6 KiB): DRAM[0m
[0;32mI (339) heap_init: At 3FFB4C10 len 0002B3F0 (172 KiB): DRAM[0m
[0;32mI (345) heap_init: At 3FFE0440 len 00003AE0 (14 KiB): D/IRAM[0m
[0;32mI (350) heap_init: At 3FFE4350 len 0001BCB0 (111 KiB): D/IRAM[0m
[0;32mI (356) heap_init: At 4008D57C len 00012A84 (74 KiB): IRAM[0m
[0;32mI (362) spi_flash: detected chip: generic[0m
[0;32mI (365) spi_flash: flash io: dio[0m
[0;33mW (368) spi_flash: Detected size(4096k) larger than the size in the binary image header(2048k). Using the size in the binary image header.[0m
[0;32mI (383) main_task: Started on CPU0[0m
[0;32mI (393) main_task: Calling app_main()[0m

assert failed: tcpip_send_msg_wait_sem /IDF/components/lwip/lwip/src/api/tcpip.c:454 (Invalid mbox)


Backtrace: 0x4008548d:0x3ffb5ba0 0x40085455:0x3ffb5bc0 0x4008b911:0x3ffb5be0 0x400e0c8b:0x3ffb5d00 0x400ec64e:0x3ffb5d30 0x400ec6e1:0x3ffb5d50 0x400e0ae5:0x3ffb5da0 0x400d9e8f:0x3ffb5dc0 0x400da4d8:0x3ffb5e20 0x400d81e5:0x3ffb5e50 0x400d8213:0x3ffb5ee0 0x40128ae8:0x3ffb5f00 0x40085fb5:0x3ffb5f30




ELF file SHA256: 88bdbddc2

Rebooting...
ets Jul 29 2019 12:21:46

rst:0xc (SW_CPU_RESET),boot:0x13 (SPI_FAST_FLASH_BOOT)
configsip: 0, SPIWP:0xee
clk_drv:0x00,q_drv:0x00,d_drv:0x00,cs0_drv:0x00,hd_drv:0x00,wp_drv:0x00
mode:DIO, clock div:2
load:0x3fff0030,len:6380
ho 0 tail 12 room 4
load:0x40078000,len:15916
load:0x40080400,len:3860
entry 0x40080638
[0;32mI (29) boot: ESP-IDF v5.5.1 2nd stage bootloader[0m
[0;32mI (29) boot: compile time Feb  6 2026 20:48:53[0m
[0;32mI (29) boot: Multicore bootloader[0m
[0;32mI (31) boot: chip revision: v3.1[0m
[0;32mI (33) boot.esp32: SPI Speed      : 40MHz[0m
[0;32mI (37) boot.esp32: SPI Mode       : DIO[0m
[0;32mI (41) boot.esp32: SPI Flash Size : 2MB[0m
[0;32mI (44) boot: Enabling RNG early entropy source...[0m
[0;32mI (49) boot: Partition Table:[0m
[0;32mI (51) boot: ## Label            Usage          Type ST Offset   Length[0m
[0;32mI (58) boot:  0 nvs              WiFi data        01 02 00009000 00006000[0m
[0;32mI (64) boot:  1 phy_init         RF data          01 01 0000f000 00001000[0m
[0;32mI (71) boot:  2 factory          factory app      00 00 00010000 00100000[0m
[0;32mI (77) boot: End of partition table[0m
[0;32mI (80) esp_image: segment 0: paddr=00010020 vaddr=3f400020 size=12f24h ( 77604) map[0m
[0;32mI (114) esp_image: segment 1: paddr=00022f4c vaddr=3ffb0000 size=024f8h (  9464) load[0m
[0;32mI (118) esp_image: segment 2: paddr=0002544c vaddr=40080000 size=0abcch ( 43980) load[0m
[0;32mI (136) esp_image: segment 3: paddr=00030020 vaddr=400d0020 size=59404h (365572) map[0m
[0;32mI (261) esp_image: segment 4: paddr=0008942c vaddr=4008abcc size=029b0h ( 10672) load[0m
[0;32mI (265) esp_image: segment 5: paddr=0008bde4 vaddr=50000000 size=00020h (    32) load[0m
[0;32mI (272) boot: Loaded app from partition at offset 0x10000[0m
[0;32mI (272) boot: Disabling RNG early entropy source...[0m
[0;32mI (286) cpu_start: Multicore app[0m
[0;32mI (295) cpu_start: Pro cpu start user code[0m
[0;32mI (295) cpu_start: cpu freq: 160000000 Hz[0m
[0;32mI (295) app_init: Application information:[0m
[0;32mI (295) app_init: Project name:     testing[0m
[0;32mI (299) app_init: App version:      a540103-dirty[0m
[0;32mI (303) app_init: Compile time:     Feb  7 2026 18:42:40[0m
[0;32mI (308) app_init: ELF file SHA256:  88bdbddc2...[0m
[0;32mI (313) app_init: ESP-IDF:          v5.5.1[0m
[0;32mI (316) efuse_init: Min chip rev:     v0.0[0m
[0;32mI (320) efuse_init: Max chip rev:     v3.99 [0m
[0;32mI (324) efuse_init: Chip rev:         v3.1[0m
[0;32mI (328) heap_init: Initializing. RAM available for dynamic allocation:[0m
[0;32mI (335) heap_init: At 3FFAE6E0 len 00001920 (6 KiB): DRAM[0m
[0;32mI (339) heap_init: At 3FFB4C10 len 0002B3F0 (172 KiB): DRAM[0m
[0;32mI (345) heap_init: At 3FFE0440 len 00003AE0 (14 KiB): D/IRAM[0m
[0;32mI (350) heap_init: At 3FFE4350 len 0001BCB0 (111 KiB): D/IRAM[0m
[0;32mI (356) heap_init: At 4008D57C len 00012A84 (74 KiB): IRAM[0m
[0;32mI (362) spi_flash: detected chip: generic[0m
[0;32mI (365) spi_flash: flash io: dio[0m
[0;33mW (367) spi_flash: Detected size(4096k) larger than the size in the binary image header(2048k). Using the size in the binary image header.[0m
[0;32mI (383) main_task: Started on CPU0[0m
[0;32mI (393) main_task: Calling app_main()[0m

assert failed: tcpip_send_msg_wait_sem /IDF/components/lwip/lwip/src/api/tcpip.c:454 (Invalid mbox)


Backtrace: 0x4008548d:0x3ffb5ba0 0x40085455:0x3ffb5bc0 0x4008b911:0x3ffb5be0 0x400e0c8b:0x3ffb5d00 0x400ec64e:0x3ffb5d30 0x400ec6e1:0x3ffb5d50 0x400e0ae5:0x3ffb5da0 0x400d9e8f:0x3ffb5dc0 0x400da4d8:0x3ffb5e20 0x400d81e5:0x3ffb5e50 0x400d8213:0x3ffb5ee0 0x40128ae8:0x3ffb5f00 0x40085fb5:0x3ffb5f30




ELF file SHA256: 88bdbddc2

Rebooting...
ets Jul 29 2019 12:21:46

rst:0xc (SW_CPU_RESET),boot:0x13 (SPI_FAST_FLASH_BOOT)
configsip: 0, SPIWP:0xee
clk_drv:0x00,q_drv:0x00,d_drv:0x00,cs0_drv:0x00,hd_drv:0x00,wp_drv:0x00
mode:DIO, clock div:2
load:0x3fff0030,len:6380
ho 0 tail 12 room 4
load:0x40078000,len:15916
load:0x40080400,len:3860
entry 0x40080638
[0;32mI (29) boot: ESP-IDF v5.5.1 2nd stage bootloader[0m
[0;32mI (29) boot: compile time Feb  6 2026 20:48:53[0m
[0;32mI (29) boot: Multicore bootloader[0m
[0;32mI (31) boot: chip revision: v3.1[0m
[0;32mI (33) boot.esp32: SPI Speed      : 40MHz[0m
[0;32mI (37) boot.esp32: SPI Mode       : DIO[0m
[0;32mI (41) boot.esp32: SPI Flash Size : 2MB[0m
[0;32mI (44) boot: Enabling RNG early entropy source...[0m
[0;32mI (49) boot: Partition Table:[0m
[0;32mI (51) boot: ## Label            Usage          Type ST Offset   Length[0m
[0;32mI (58) boot:  0 nvs              WiFi data        01 02 00009000 00006000[0m
[0;32mI (64) boot:  1 phy_init         RF data          01 01 0000f000 00001000[0m
[0;32mI (71) boot:  2 factory          factory app      00 00 00010000 00100000[0m
[0;32mI (77) boot: End of partition table[0m
[0;32mI (80) esp_image: segment 0: paddr=00010020 vaddr=3f400020 size=12f24h ( 77604) map[0m
[0;32mI (114) esp_image: segment 1: paddr=00022f4c vaddr=3ffb0000 size=024f8h (  9464) load[0m
[0;32mI (118) esp_image: segment 2: paddr=0002544c vaddr=40080000 size=0abcch ( 43980) load[0m
[0;32mI (136) esp_image: segment 3: paddr=00030020 vaddr=400d0020 size=59404h (365572) map[0m
[0;32mI (261) esp_image: segment 4: paddr=0008942c vaddr=4008abcc size=029b0h ( 10672) load[0m
[0;32mI (265) esp_image: segment 5: paddr=0008bde4 vaddr=50000000 size=00020h (    32) load[0m
[0;32mI (272) boot: Loaded app from partition at offset 0x10000[0m
[0;32mI (272) boot: Disabling RNG early entropy source...[0m
[0;32mI (286) cpu_start: Multicore app[0m
[0;32mI (295) cpu_start: Pro cpu start user code[0m
[0;32mI (295) cpu_start: cpu freq: 160000000 Hz[0m
[0;32mI (295) app_init: Application information:[0m
[0;32mI (295) app_init: Project name:     testing[0m
[0;32mI (299) app_init: App version:      a540103-dirty[0m
[0;32mI (303) app_init: Compile time:     Feb  7 2026 18:42:40[0m
[0;32mI (308) app_init: ELF file SHA256:  88bdbddc2...[0m
[0;32mI (313) app_init: ESP-IDF:          v5.5.1[0m
[0;32mI (316) efuse_init: Min chip rev:     v0.0[0m
[0;32mI (320) efuse_init: Max chip rev:     v3.99 [0m
[0;32mI (324) efuse_init: Chip rev:         v3.1[0m
[0;32mI (328) heap_init: Initializing. RAM available for dynamic allocation:[0m
[0;32mI (335) heap_init: At 3FFAE6E0 len 00001920 (6 KiB): DRAM[0m
[0;32mI (339) heap_init: At 3FFB4C10 len 0002B3F0 (172 KiB): DRAM[0m
[0;32mI (345) heap_init: At 3FFE0440 len 00003AE0 (14 KiB): D/IRAM[0m
[0;32mI (350) heap_init: At 3FFE4350 len 0001BCB0 (111 KiB): D/IRAM[0m
[0;32mI (356) heap_init: At 4008D57C len 00012A84 (74 KiB): IRAM[0m
[0;32mI (362) spi_flash: detected chip: generic[0m
[0;32mI (365) spi_flash: flash io: dio[0m
[0;33mW (368) spi_flash: Detected size(4096k) larger than the size in the binary image header(2048k). Using the size in the binary image header.[0m
[0;32mI (383) main_task: Started on CPU0[0m
[0;32mI (393) main_task: Calling app_main()[0m

assert failed: tcpip_send_msg_wait_sem /IDF/components/lwip/lwip/src/api/tcpip.c:454 (Invalid mbox)


Backtrace: 0x4008548d:0x3ffb5ba0 0x40085455:0x3ffb5bc0 0x4008b911:0x3ffb5be0 0x400e0c8b:0x3ffb5d00 0x400ec64e:0x3ffb5d30 0x400ec6e1:0x3ffb5d50 0x400e0ae5:0x3ffb5da0 0x400d9e8f:0x3ffb5dc0 0x400da4d8:0x3ffb5e20 0x400d81e5:0x3ffb5e50 0x400d8213:0x3ffb5ee0 0x40128ae8:0x3ffb5f00 0x40085fb5:0x3ffb5f30




ELF file SHA256: 88bdbddc2

Rebooting...
ets Jul 29 2019 12:21:46

rst:0xc (SW_CPU_RESET),boot:0x13 (SPI_FAST_FLASH_BOOT)
configsip: 0, SPIWP:0xee
clk_drv:0x00,q_drv:0x00,d_drv:0x00,cs0_drv:0x00,hd_drv:0x00,wp_drv:0x00
mode:DIO, clock div:2
load:0x3fff0030,len:6380
ho 0 tail 12 room 4
load:0x40078000,len:15916
load:0x40080400,len:3860
entry 0x40080638
[0;32mI (29) boot: ESP-IDF v5.5.1 2nd stage bootloader[0m
[0;32mI (29) boot: compile time Feb  6 2026 20:48:53[0m
[0;32mI (29) boot: Multicore bootloader[0m
[0;32mI (31) boot: chip revision: v3.1[0m
[0;32mI (33) boot.esp32: SPI Speed      : 40MHz[0m
[0;32mI (37) boot.esp32: SPI Mode       : DIO[0m
[0;32mI (41) boot.esp32: SPI Flash Size : 2MB[0m
[0;32mI (44) boot: Enabling RNG early entropy source...[0m
[0;32mI (49) boot: Partition Table:[0m
[0;32mI (51) boot: ## Label            Usage          Type ST Offset   Length[0m
[0;32mI (58) boot:  0 nvs              WiFi data        01 02 00009000 00006000[0m
[0;32mI (64) boot:  1 phy_init         RF data          01 01 0000f000 00001000[0m
[0;32mI (71) boot:  2 factory          factory app      00 00 00010000 00100000[0m
[0;32mI (77) boot: End of partition table[0m
[0;32mI (80) esp_image: segment 0: paddr=00010020 vaddr=3f400020 size=12f24h ( 77604) map[0m
[0;32mI (114) esp_image: segment 1: paddr=00022f4c vaddr=3ffb0000 size=024f8h (  9464) load[0m
[0;32mI (118) esp_image: segment 2: paddr=0002544c vaddr=40080000 size=0abcch ( 43980) load[0m
[0;32mI (136) esp_image: segment 3: paddr=00030020 vaddr=400d0020 size=59404h (365572) map[0m
[0;32mI (261) esp_image: segment 4: paddr=0008942c vaddr=4008abcc size=029b0h ( 10672) load[0m
[0;32mI (265) esp_image: segment 5: paddr=0008bde4 vaddr=50000000 size=00020h (    32) load[0m
[0;32mI (272) boot: Loaded app from partition at offset 0x10000[0m
[0;32mI (272) boot: Disabling RNG early entropy source...[0m
[0;32mI (286) cpu_start: Multicore app[0m
[0;32mI (295) cpu_start: Pro cpu start user code[0m
[0;32mI (295) cpu_start: cpu freq: 160000000 Hz[0m
[0;32mI (295) app_init: Application information:[0m
[0;32mI (295) app_init: Project name:     testing[0m
[0;32mI (299) app_init: App version:      a540103-dirty[0m
[0;32mI (303) app_init: Compile time:     Feb  7 2026 18:42:40[0m
[0;32mI (308) app_init: ELF file SHA256:  88bdbddc2...[0m
[0;32mI (313) app_init: ESP-IDF:          v5.5.1[0m
[0;32mI (316) efuse_init: Min chip rev:     v0.0[0m
[0;32mI (320) efuse_init: Max chip rev:     v3.99 [0m
[0;32mI (324) efuse_init: Chip rev:         v3.1[0m
[0;32mI (328) heap_init: Initializing. RAM available for dynamic allocation:[0m
[0;32mI (335) heap_init: At 3FFAE6E0 len 00001920 (6 KiB): DRAM[0m
[0;32mI (339) heap_init: At 3FFB4C10 len 0002B3F0 (172 KiB): DRAM[0m
[0;32mI (345) heap_init: At 3FFE0440 len 00003AE0 (14 KiB): D/IRAM[0m
[0;32mI (350) heap_init: At 3FFE4350 len 0001BCB0 (111 KiB): D/IRAM[0m
[0;32mI (356) heap_init: At 4008D57C len 00012A84 (74 KiB): IRAM[0m
[0;32mI (362) spi_flash: detected chip: generic[0m
[0;32mI (365) spi_flash: flash io: dio[0m
[0;33mW (367) spi_flash: Detected size(4096k) larger than the size in the binary image header(2048k). Using the size in the binary image header.[0m
[0;32mI (383) main_task: Started on CPU0[0m
[0;32mI (393) main_task: Calling app_main()[0m

assert failed: tcpip_send_msg_wait_sem /IDF/components/lwip/lwip/src/api/tcpip.c:454 (Invalid mbox)


Backtrace: 0x4008548d:0x3ffb5ba0 0x40085455:0x3ffb5bc0 0x4008b911:0x3ffb5be0 0x400e0c8b:0x3ffb5d00 0x400ec64e:0x3ffb5d30 0x400ec6e1:0x3ffb5d50 0x400e0ae5:0x3ffb5da0 0x400d9e8f:0x3ffb5dc0 0x400da4d8:0x3ffb5e20 0x400d81e5:0x3ffb5e50 0x400d8213:0x3ffb5ee0 0x40128ae8:0x3ffb5f00 0x40085fb5:0x3ffb5f30




ELF file SHA256: 88bdbddc2

Rebooting...
ets Jul 29 2019 12:21:46

rst:0xc (SW_CPU_RESET),boot:0x13 (SPI_FAST_FLASH_BOOT)
configsip: 0, SPIWP:0xee
clk_drv:0x00,q_drv:0x00,d_drv:0x00,cs0_drv:0x00,hd_drv:0x00,wp_drv:0x00
mode:DIO, clock div:2
load:0x3fff0030,len:6380
ho 0 tail 12 room 4
load:0x40078000,len:15916
load:0x40080400,len:3860
entry 0x40080638
[0;32mI (29) boot: ESP-IDF v5.5.1 2nd stage bootloader[0m
[0;32mI (29) boot: compile time Feb  6 2026 20:48:53[0m
[0;32mI (29) boot: Multicore bootloader[0m
[0;32mI (31) boot: chip revision: v3.1[0m
[0;32mI (33) boot.esp32: SPI Speed      : 40MHz[0m
[0;32mI (37) boot.esp32: SPI Mode       : DIO[0m
[0;32mI (41) boot.esp32: SPI Flash Size : 2MB[0m
[0;32mI (44) boot: Enabling RNG early entropy source...[0m
[0;32mI (49) boot: Partition Table:[0m
[0;32mI (51) boot: ## Label            Usage          Type ST Offset   Length[0m
[0;32mI (58) boot:  0 nvs              WiFi data        01 02 00009000 00006000[0m
[0;32mI (64) boot:  1 phy_init         RF data          01 01 0000f000 00001000[0m
[0;32mI (71) boot:  2 factory          factory app      00 00 00010000 00100000[0m
[0;32mI (77) boot: End of partition table[0m
[0;32mI (80) esp_image: segment 0: paddr=00010020 vaddr=3f400020 size=12f24h ( 77604) map[0m
[0;32mI (114) esp_image: segment 1: paddr=00022f4c vaddr=3ffb0000 size=024f8h (  9464) load[0m
[0;32mI (118) esp_image: segment 2: paddr=0002544c vaddr=40080000 size=0abcch ( 43980) load[0m
[0;32mI (136) esp_image: segment 3: paddr=00030020 vaddr=400d0020 size=59404h (365572) map[0m
[0;32mI (261) esp_image: segment 4: paddr=0008942c vaddr=4008abcc size=029b0h ( 10672) load[0m
[0;32mI (265) esp_image: segment 5: paddr=0008bde4 vaddr=50000000 size=00020h (    32) load[0m
[0;32mI (272) boot: Loaded app from partition at offset 0x10000[0m
[0;32mI (272) boot: Disabling RNG early entropy source...[0m
[0;32mI (286) cpu_start: Multicore app[0m
[0;32mI (295) cpu_start: Pro cpu start user code[0m
[0;32mI (295) cpu_start: cpu freq: 160000000 Hz[0m
[0;32mI (295) app_init: Application information:[0m
[0;32mI (295) app_init: Project name:     testing[0m
[0;32mI (299) app_init: App version:      a540103-dirty[0m
[0;32mI (303) app_init: Compile time:     Feb  7 2026 18:42:40[0m
[0;32mI (308) app_init: ELF file SHA256:  88bdbddc2...[0m
[0;32mI (313) app_init: ESP-IDF:          v5.5.1[0m
[0;32mI (316) efuse_init: Min chip rev:     v0.0[0m
[0;32mI (320) efuse_init: Max chip rev:     v3.99 [0m
[0;32mI (324) efuse_init: Chip rev:         v3.1[0m
[0;32mI (328) heap_init: Initializing. RAM available for dynamic allocation:[0m
[0;32mI (335) heap_init: At 3FFAE6E0 len 00001920 (6 KiB): DRAM[0m
[0;32mI (339) heap_init: At 3FFB4C10 len 0002B3F0 (172 KiB): DRAM[0m
[0;32mI (345) heap_init: At 3FFE0440 len 00003AE0 (14 KiB): D/IRAM[0m
[0;32mI (350) heap_init: At 3FFE4350 len 0001BCB0 (111 KiB): D/IRAM[0m
[0;32mI (356) heap_init: At 4008D57C len 00012A84 (74 KiB): IRAM[0m
[0;32mI (362) spi_flash: detected chip: generic[0m
[0;32mI (365) spi_flash: flash io: dio[0m
[0;33mW (368) spi_flash: Detected size(4096k) larger than the size in the binary image header(2048k). Using the size in the binary image header.[0m
[0;32mI (383) main_task: Started on CPU0[0m
[0;32mI (393) main_task: Calling app_main()[0m

assert failed: tcpip_send_msg_wait_sem /IDF/components/lwip/lwip/src/api/tcpip.c:454 (Invalid mbox)


Backtrace: 0x4008548d:0x3ffb5ba0 0x40085455:0x3ffb5bc0 0x4008b911:0x3ffb5be0 0x400e0c8b:0x3ffb5d00 0x400ec64e:0x3ffb5d30 0x400ec6e1:0x3ffb5d50 0x400e0ae5:0x3ffb5da0 0x400d9e8f:0x3ffb5dc0 0x400da4d8:0x3ffb5e20 0x400d81e5:0x3ffb5e50 0x400d8213:0x3ffb5ee0 0x40128ae8:0x3ffb5f00 0x40085fb5:0x3ffb5f30




ELF file SHA256: 88bdbddc2

Rebooting...
ets Jul 29 2019 12:21:46

rst:0xc (SW_CPU_RESET),boot:0x13 (SPI_FAST_FLASH_BOOT)
configsip: 0, SPIWP:0xee
clk_drv:0x00,q_drv:0x00,d_drv:0x00,cs0_drv:0x00,hd_drv:0x00,wp_drv:0x00
mode:DIO, clock div:2
load:0x3fff0030,len:6380
ho 0 tail 12 room 4
load:0x40078000,len:15916
load:0x40080400,len:3860
entry 0x40080638
[0;32mI (29) boot: ESP-IDF v5.5.1 2nd stage bootloader[0m
[0;32mI (29) boot: compile time Feb  6 2026 20:48:53[0m
[0;32mI (29) boot: Multicore bootloader[0m
[0;32mI (31) boot: chip revision: v3.1[0m
[0;32mI (33) boot.esp32: SPI Speed      : 40MHz[0m
[0;32mI (37) boot.esp32: SPI Mode       : DIO[0m
[0;32mI (41) boot.esp32: SPI Flash Size : 2MB[0m
[0;32mI (44) boot: Enabling RNG early entropy source...[0m
[0;32mI (49) boot: Partition Table:[0m
[0;32mI (51) boot: ## Label            Usage          Type ST Offset   Length[0m
[0;32mI (58) boot:  0 nvs              WiFi data        01 02 00009000 00006000[0m
[0;32mI (64) boot:  1 phy_init         RF data          01 01 0000f000 00001000[0m
[0;32mI (71) boot:  2 factory          factory app      00 00 00010000 00100000[0m
[0;32mI (77) boot: End of partition table[0m
[0;32mI (80) esp_image: segment 0: paddr=00010020 vaddr=3f400020 size=12f24h ( 77604) map[0m
[0;32mI (114) esp_image: segment 1: paddr=00022f4c vaddr=3ffb0000 size=024f8h (  9464) load[0m
[0;32mI (118) esp_image: segment 2: paddr=0002544c vaddr=40080000 size=0abcch ( 43980) load[0m
[0;32mI (136) esp_image: segment 3: paddr=00030020 vaddr=400d0020 size=59404h (365572) map[0m
[0;32mI (261) esp_image: segment 4: paddr=0008942c vaddr=4008abcc size=029b0h ( 10672) load[0m
[0;32mI (265) esp_image: segment 5: paddr=0008bde4 vaddr=50000000 size=00020h (    32) load[0m
[0;32mI (272) boot: Loaded app from partition at offset 0x10000[0m
[0;32mI (272) boot: Disabling RNG early entropy source...[0m
[0;32mI (286) cpu_start: Multicore app[0m
[0;32mI (295) cpu_start: Pro cpu start user code[0m
[0;32mI (295) cpu_start: cpu freq: 160000000 Hz[0m
[0;32mI (295) app_init: Application information:[0m
[0;32mI (295) app_init: Project name:     testing[0m
[0;32mI (299) app_init: App version:      a540103-dirty[0m
[0;32mI (303) app_init: Compile time:     Feb  7 2026 18:42:40[0m
[0;32mI (308) app_init: ELF file SHA256:  88bdbddc2...[0m
[0;32mI (313) app_init: ESP-IDF:          v5.5.1[0m
[0;32mI (316) efuse_init: Min chip rev:     v0.0[0m
[0;32mI (320) efuse_init: Max chip rev:     v3.99 [0m
[0;32mI (324) efuse_init: Chip rev:         v3.1[0m
[0;32mI (328) heap_init: Initializing. RAM available for dynamic allocation:[0m
[0;32mI (335) heap_init: At 3FFAE6E0 len 00001920 (6 KiB): DRAM[0m
[0;32mI (339) heap_init: At 3FFB4C10 len 0002B3F0 (172 KiB): DRAM[0m
[0;32mI (345) heap_init: At 3FFE0440 len 00003AE0 (14 KiB): D/IRAM[0m
[0;32mI (350) heap_init: At 3FFE4350 len 0001BCB0 (111 KiB): D/IRAM[0m
[0;32mI (356) heap_init: At 4008D57C len 00012A84 (74 KiB): IRAM[0m
[0;32mI (362) spi_flash: detected chip: generic[0m
[0;32mI (365) spi_flash: flash io: dio[0m
[0;33mW (367) spi_flash: Detected size(4096k) larger than the size in the binary image header(2048k). Using the size in the binary image header.[0m
[0;32mI (383) main_task: Started on CPU0[0m
[0;32mI (393) main_task: Calling app_main()[0m

assert failed: tcpip_send_msg_wait_sem /IDF/components/lwip/lwip/src/api/tcpip.c:454 (Invalid mbox)


Backtrace: 0x4008548d:0x3ffb5ba0 0x40085455:0x3ffb5bc0 0x4008b911:0x3ffb5be0 0x400e0c8b:0x3ffb5d00 0x400ec64e:0x3ffb5d30 0x400ec6e1:0x3ffb5d50 0x400e0ae5:0x3ffb5da0 0x400d9e8f:0x3ffb5dc0 0x400da4d8:0x3ffb5e20 0x400d81e5:0x3ffb5e50 0x400d8213:0x3ffb5ee0 0x40128ae8:0x3ffb5f00 0x40085fb5:0x3ffb5f30




ELF file SHA256: 88bdbddc2

Rebooting...
ets Jul 29 2019 12:21:46

rst:0xc (SW_CPU_RESET),boot:0x13 (SPI_FAST_FLASH_BOOT)
configsip: 0, SPIWP:0xee
clk_drv:0x00,q_drv:0x00,d_drv:0x00,cs0_drv:0x00,hd_drv:0x00,wp_drv:0x00
mode:DIO, clock div:2
load:0x3fff0030,len:6380
ho 0 tail 12 room 4
load:0x40078000,len:15916
load:0x40080400,len:3860
entry 0x40080638
[0;32mI (29) boot: ESP-IDF v5.5.1 2nd stage bootloader[0m
[0;32mI (29) boot: compile time Feb  6 2026 20:48:53[0m
[0;32mI (29) boot: Multicore bootloader[0m
[0;32mI (31) boot: chip revision: v3.1[0m
[0;32mI (33) boot.esp32: SPI Speed      : 40MHz[0m
[0;32mI (37) boot.esp32: SPI Mode       : DIO[0m
[0;32mI (41) boot.esp32: SPI Flash Size : 2MB[0m
[0;32mI (44) boot: Enabling RNG early entropy source...[0m
[0;32mI (49) boot: Partition Table:[0m
[0;32mI (51) boot: ## Label            Usage          Type ST Offset   Length[0m
[0;32mI (58) boot:  0 nvs              WiFi data        01 02 00009000 00006000[0m
[0;32mI (64) boot:  1 phy_init         RF data          01 01 0000f000 00001000[0m
[0;32mI (71) boot:  2 factory          factory app      00 00 00010000 00100000[0m
[0;32mI (77) boot: End of partition table[0m
[0;32mI (80) esp_image: segment 0: paddr=00010020 vaddr=3f400020 size=12f24h ( 77604) map[0m
[0;32mI (114) esp_image: segment 1: paddr=00022f4c vaddr=3ffb0000 size=024f8h (  9464) load[0m
[0;32mI (118) esp_image: segment 2: paddr=0002544c vaddr=40080000 size=0abcch ( 43980) load[0m
[0;32mI (136) esp_image: segment 3: paddr=00030020 vaddr=400d0020 size=59404h (365572) map[0m
[0;32mI (261) esp_image: segment 4: paddr=0008942c vaddr=4008abcc size=029b0h ( 10672) load[0m
[0;32mI (265) esp_image: segment 5: paddr=0008bde4 vaddr=50000000 size=00020h (    32) load[0m
[0;32mI (272) boot: Loaded app from partition at offset 0x10000[0m
[0;32mI (272) boot: Disabling RNG early entropy source...[0m
[0;32mI (286) cpu_start: Multicore app[0m
[0;32mI (295) cpu_start: Pro cpu start user code[0m
[0;32mI (295) cpu_start: cpu freq: 160000000 Hz[0m
[0;32mI (295) app_init: Application information:[0m
[0;32mI (295) app_init: Project name:     testing[0m
[0;32mI (299) app_init: App version:      a540103-dirty[0m
[0;32mI (303) app_init: Compile time:     Feb  7 2026 18:42:40[0m
[0;32mI (308) app_init: ELF file SHA256:  88bdbddc2...[0m
[0;32mI (313) app_init: ESP-IDF:          v5.5.1[0m
[0;32mI (316) efuse_init: Min chip rev:     v0.0[0m
[0;32mI (320) efuse_init: Max chip rev:     v3.99 [0m
[0;32mI (324) efuse_init: Chip rev:         v3.1[0m
[0;32mI (328) heap_init: Initializing. RAM available for dynamic allocation:[0m
[0;32mI (335) heap_init: At 3FFAE6E0 len 00001920 (6 KiB): DRAM[0m
[0;32mI (339) heap_init: At 3FFB4C10 len 0002B3F0 (172 KiB): DRAM[0m
[0;32mI (345) heap_init: At 3FFE0440 len 00003AE0 (14 KiB): D/IRAM[0m
[0;32mI (350) heap_init: At 3FFE4350 len 0001BCB0 (111 KiB): D/IRAM[0m
[0;32mI (356) heap_init: At 4008D57C len 00012A84 (74 KiB): IRAM[0m
[0;32mI (362) spi_flash: detected chip: generic[0m
[0;32mI (365) spi_flash: flash io: dio[0m
[0;33mW (368) spi_flash: Detected size(4096k) larger than the size in the binary image header(2048k). Using the size in the binary image header.[0m
[0;32mI (383) main_task: Started on CPU0[0m
[0;32mI (393) main_task: Calling app_main()[0m

assert failed: tcpip_send_msg_wait_sem /IDF/components/lwip/lwip/src/api/tcpip.c:454 (Invalid mbox)


Backtrace: 0x4008548d:0x3ffb5ba0 0x40085455:0x3ffb5bc0 0x4008b911:0x3ffb5be0 0x400e0c8b:0x3ffb5d00 0x400ec64e:0x3ffb5d30 0x400ec6e1:0x3ffb5d50 0x400e0ae5:0x3ffb5da0 0x400d9e8f:0x3ffb5dc0 0x400da4d8:0x3ffb5e20 0x400d81e5:0x3ffb5e50 0x400d8213:0x3ffb5ee0 0x40128ae8:0x3ffb5f00 0x40085fb5:0x3ffb5f30




ELF file SHA256: 88bdbddc2

Rebooting...
ets Jul 29 2019 12:21:46

rst:0xc (SW_CPU_RESET),boot:0x13 (SPI_FAST_FLASH_BOOT)
configsip: 0, SPIWP:0xee
clk_drv:0x00,q_drv:0x00,d_drv:0x00,cs0_drv:0x00,hd_drv:0x00,wp_drv:0x00
mode:DIO, clock div:2
load:0x3fff0030,len:6380
ho 0 tail 12 room 4
load:0x40078000,len:15916
load:0x40080400,len:3860
entry 0x40080638
[0;32mI (29) boot: ESP-IDF v5.5.1 2nd stage bootloader[0m
[0;32mI (29) boot: compile time Feb  6 2026 20:48:53[0m
[0;32mI (29) boot: Multicore bootloader[0m
[0;32mI (31) boot: chip revision: v3.1[0m
[0;32mI (33) boot.esp32: SPI Speed      : 40MHz[0m
[0;32mI (37) boot.esp32: SPI Mode       : DIO[0m
[0;32mI (41) boot.esp32: SPI Flash Size : 2MB[0m
[0;32mI (44) boot: Enabling RNG early entropy source...[0m
[0;32mI (49) boot: Partition Table:[0m
[0;32mI (51) boot: ## Label            Usage          Type ST Offset   Length[0m
[0;32mI (58) boot:  0 nvs              WiFi data        01 02 00009000 00006000[0m
[0;32mI (64) boot:  1 phy_init         RF data          01 01 0000f000 00001000[0m
[0;32mI (71) boot:  2 factory          factory app      00 00 00010000 00100000[0m
[0;32mI (77) boot: End of partition table[0m
[0;32mI (80) esp_image: segment 0: paddr=00010020 vaddr=3f400020 size=12f24h ( 77604) map[0m
[0;32mI (114) esp_image: segment 1: paddr=00022f4c vaddr=3ffb0000 size=024f8h (  9464) load[0m
[0;32mI (118) esp_image: segment 2: paddr=0002544c vaddr=40080000 size=0abcch ( 43980) load[0m
[0;32mI (136) esp_image: segment 3: paddr=00030020 vaddr=400d0020 size=59404h (365572) map[0m
[0;32mI (261) esp_image: segment 4: paddr=0008942c vaddr=4008abcc size=029b0h ( 10672) load[0m
[0;32mI (265) esp_image: segment 5: paddr=0008bde4 vaddr=50000000 size=00020h (    32) load[0m
[0;32mI (272) boot: Loaded app from partition at offset 0x10000[0m
[0;32mI (272) boot: Disabling RNG early entropy source...[0m
[0;32mI (286) cpu_start: Multicore app[0m
[0;32mI (295) cpu_start: Pro cpu start user code[0m
[0;32mI (295) cpu_start: cpu freq: 160000000 Hz[0m
[0;32mI (295) app_init: Application information:[0m
[0;32mI (295) app_init: Project name:     testing[0m
[0;32mI (299) app_init: App version:      a540103-dirty[0m
[0;32mI (303) app_init: Compile time:     Feb  7 2026 18:42:40[0m
[0;32mI (308) app_init: ELF file SHA256:  88bdbddc2...[0m
[0;32mI (313) app_init: ESP-IDF:          v5.5.1[0m
[0;32mI (316) efuse_init: Min chip rev:     v0.0[0m
[0;32mI (320) efuse_init: Max chip rev:     v3.99 [0m
[0;32mI (324) efuse_init: Chip rev:         v3.1[0m
[0;32mI (328) heap_init: Initializing. RAM available for dynamic allocation:[0m
[0;32mI (335) heap_init: At 3FFAE6E0 len 00001920 (6 KiB): DRAM[0m
[0;32mI (339) heap_init: At 3FFB4C10 len 0002B3F0 (172 KiB): DRAM[0m
[0;32mI (345) heap_init: At 3FFE0440 len 00003AE0 (14 KiB): D/IRAM[0m
[0;32mI (350) heap_init: At 3FFE4350 len 0001BCB0 (111 KiB): D/IRAM[0m
[0;32mI (356) heap_init: At 4008D57C len 00012A84 (74 KiB): IRAM[0m
[0;32mI (362) spi_flash: detected chip: generic[0m
[0;32mI (365) spi_flash: flash io: dio[0m
[0;33mW (368) spi_flash: Detected size(4096k) larger than the size in the binary image header(2048k). Using the size in the binary image header.[0m
[0;32mI (383) main_task: Started on CPU0[0m
[0;32mI (393) main_task: Calling app_main()[0m

assert failed: tcpip_send_msg_wait_sem /IDF/components/lwip/lwip/src/api/tcpip.c:454 (Invalid mbox)


Backtrace: 0x4008548d:0x3ffb5ba0 0x40085455:0x3ffb5bc0 0x4008b911:0x3ffb5be0 0x400e0c8b:0x3ffb5d00 0x400ec64e:0x3ffb5d30 0x400ec6e1:0x3ffb5d50 0x400e0ae5:0x3ffb5da0 0x400d9e8f:0x3ffb5dc0 0x400da4d8:0x3ffb5e20 0x400d81e5:0x3ffb5e50 0x400d8213:0x3ffb5ee0 0x40128ae8:0x3ffb5f00 0x40085fb5:0x3ffb5f30




ELF file SHA256: 88bdbddc2

Rebooting...
ets Jul 29 2019 12:21:46

rst:0xc (SW_CPU_RESET),boot:0x13 (SPI_FAST_FLASH_BOOT)
configsip: 0, SPIWP:0xee
clk_drv:0x00,q_drv:0x00,d_drv:0x00,cs0_drv:0x00,hd_drv:0x00,wp_drv:0x00
mode:DIO, clock div:2
load:0x3fff0030,len:6380
ho 0 tail 12 room 4
load:0x40078000,len:15916
load:0x40080400,len:3860
entry 0x40080638
[0;32mI (29) boot: ESP-IDF v5.5.1 2nd stage bootloader[0m
[0;32mI (29) boot: compile time Feb  6 2026 20:48:53[0m
[0;32mI (29) boot: Multicore bootloader[0m
[0;32mI (31) boot: chip revision: v3.1[0m
[0;32mI (33) boot.esp32: SPI Speed      : 40MHz[0m
[0;32mI (37) boot.esp32: SPI Mode       : DIO[0m
[0;32mI (41) boot.esp32: SPI Flash Size : 2MB[0m
[0;32mI (44) boot: Enabling RNG early entropy source...[0m
[0;32mI (49) boot: Partition Table:[0m
[0;32mI (51) boot: ## Label            Usage          Type ST Offset   Length[0m
[0;32mI (58) boot:  0 nvs              WiFi data        01 02 00009000 00006000[0m
[0;32mI (64) boot:  1 phy_init         RF data          01 01 0000f000 00001000[0m
[0;32mI (71) boot:  2 factory          factory app      00 00 00010000 00100000[0m
[0;32mI (77) boot: End of partition table[0m
[0;32mI (80) esp_image: segment 0: paddr=00010020 vaddr=3f400020 size=12f24h ( 77604) map[0m
[0;32mI (114) esp_image: segment 1: paddr=00022f4c vaddr=3ffb0000 size=024f8h (  9464) load[0m
[0;32mI (118) esp_image: segment 2: paddr=0002544c vaddr=40080000 size=0abcch ( 43980) load[0m
[0;32mI (136) esp_image: segment 3: paddr=00030020 vaddr=400d0020 size=59404h (365572) map[0m
[0;32mI (261) esp_image: segment 4: paddr=0008942c vaddr=4008abcc size=029b0h ( 10672) load[0m
[0;32mI (265) esp_image: segment 5: paddr=0008bde4 vaddr=50000000 size=00020h (    32) load[0m
[0;32mI (272) boot: Loaded app from partition at offset 0x10000[0m
[0;32mI (272) boot: Disabling RNG early entropy source...[0m
[0;32mI (286) cpu_start: Multicore app[0m
[0;32mI (295) cpu_start: Pro cpu start user code[0m
[0;32mI (295) cpu_start: cpu freq: 160000000 Hz[0m
[0;32mI (295) app_init: Application information:[0m
[0;32mI (295) app_init: Project name:     testing[0m
[0;32mI (299) app_init: App version:      a540103-dirty[0m
[0;32mI (303) app_init: Compile time:     Feb  7 2026 18:42:40[0m
[0;32mI (308) app_init: ELF file SHA256:  88bdbddc2...[0m
[0;32mI (313) app_init: ESP-IDF:          v5.5.1[0m
[0;32mI (316) efuse_init: Min chip rev:     v0.0[0m
[0;32mI (320) efuse_init: Max chip rev:     v3.99 [0m
[0;32mI (324) efuse_init: Chip rev:         v3.1[0m
[0;32mI (328) heap_init: Initializing. RAM available for dynamic allocation:[0m
[0;32mI (335) heap_init: At 3FFAE6E0 len 00001920 (6 KiB): DRAM[0m
[0;32mI (339) heap_init: At 3FFB4C10 len 0002B3F0 (172 KiB): DRAM[0m
[0;32mI (345) heap_init: At 3FFE0440 len 00003AE0 (14 KiB): D/IRAM[0m
[0;32mI (350) heap_init: At 3FFE4350 len 0001BCB0 (111 KiB): D/IRAM[0m
[0;32mI (356) heap_init: At 4008D57C len 00012A84 (74 KiB): IRAM[0m
[0;32mI (362) spi_flash: detected chip: generic[0m
[0;32mI (365) spi_flash: flash io: dio[0m
[0;33mW (368) spi_flash: Detected size(4096k) larger than the size in the binary image header(2048k). Using the size in the binary image header.[0m
[0;32mI (383) main_task: Started on CPU0[0m
[0;32mI (393) main_task: Calling app_main()[0m

assert failed: tcpip_send_msg_wait_sem /IDF/components/lwip/lwip/src/api/tcpip.c:454 (Invalid mbox)


Backtrace: 0x4008548d:0x3ffb5ba0 0x40085455:0x3ffb5bc0 0x4008b911:0x3ffb5be0 0x400e0c8b:0x3ffb5d00 0x400ec64e:0x3ffb5d30 0x400ec6e1:0x3ffb5d50 0x400e0ae5:0x3ffb5da0 0x400d9e8f:0x3ffb5dc0 0x400da4d8:0x3ffb5e20 0x400d81e5:0x3ffb5e50 0x400d8213:0x3ffb5ee0 0x40128ae8:0x3ffb5f00 0x40085fb5:0x3ffb5f30




ELF file SHA256: 88bdbddc2

Rebooting...
ets Jul 29 2019 12:21:46

rst:0xc (SW_CPU_RESET),boot:0x13 (SPI_FAST_FLASH_BOOT)
configsip: 0, SPIWP:0xee
clk_drv:0x00,q_drv:0x00,d_drv:0x00,cs0_drv:0x00,hd_drv:0x00,wp_drv:0x00
mode:DIO, clock div:2
load:0x3fff0030,len:6380
ho 0 tail 12 room 4
load:0x40078000,len:15916
load:0x40080400,len:3860
entry 0x40080638
[0;32mI (29) boot: ESP-IDF v5.5.1 2nd stage bootloader[0m
[0;32mI (29) boot: compile time Feb  6 2026 20:48:53[0m
[0;32mI (29) boot: Multicore bootloader[0m
[0;32mI (31) boot: chip revision: v3.1[0m
[0;32mI (33) boot.esp32: SPI Speed      : 40MHz[0m
[0;32mI (37) boot.esp32: SPI Mode       : DIO[0m
[0;32mI (41) boot.esp32: SPI Flash Size : 2MB[0m
[0;32mI (44) boot: Enabling RNG early entropy source...[0m
[0;32mI (49) boot: Partition Table:[0m
[0;32mI (51) boot: ## Label            Usage          Type ST Offset   Length[0m
[0;32mI (58) boot:  0 nvs              WiFi data        01 02 00009000 00006000[0m
[0;32mI (64) boot:  1 phy_init         RF data          01 01 0000f000 00001000[0m
[0;32mI (71) boot:  2 factory          factory app      00 00 00010000 00100000[0m
[0;32mI (77) boot: End of partition table[0m
[0;32mI (80) esp_image: segment 0: paddr=00010020 vaddr=3f400020 size=12f24h ( 77604) map[0m
[0;32mI (114) esp_image: segment 1: paddr=00022f4c vaddr=3ffb0000 size=024f8h (  9464) load[0m
[0;32mI (118) esp_image: segment 2: paddr=0002544c vaddr=40080000 size=0abcch ( 43980) load[0m
[0;32mI (136) esp_image: segment 3: paddr=00030020 vaddr=400d0020 size=59404h (365572) map[0m
[0;32mI (261) esp_image: segment 4: paddr=0008942c vaddr=4008abcc size=029b0h ( 10672) load[0m
[0;32mI (265) esp_image: segment 5: paddr=0008bde4 vaddr=50000000 size=00020h (    32) load[0m
[0;32mI (272) boot: Loaded app from partition at offset 0x10000[0m
[0;32mI (272) boot: Disabling RNG early entropy source...[0m
[0;32mI (286) cpu_start: Multicore app[0m
[0;32mI (295) cpu_start: Pro cpu start user code[0m
[0;32mI (295) cpu_start: cpu freq: 160000000 Hz[0m
[0;32mI (295) app_init: Application information:[0m
[0;32mI (295) app_init: Project name:     testing[0m
[0;32mI (299) app_init: App version:      a540103-dirty[0m
[0;32mI (303) app_init: Compile time:     Feb  7 2026 18:42:40[0m
[0;32mI (308) app_init: ELF file SHA256:  88bdbddc2...[0m
[0;32mI (313) app_init: ESP-IDF:          v5.5.1[0m
[0;32mI (316) efuse_init: Min chip rev:     v0.0[0m
[0;32mI (320) efuse_init: Max chip rev:     v3.99 [0m
[0;32mI (324) efuse_init: Chip rev:         v3.1[0m
[0;32mI (328) heap_init: Initializing. RAM available for dynamic allocation:[0m
[0;32mI (335) heap_init: At 3FFAE6E0 len 00001920 (6 KiB): DRAM[0m
[0;32mI (339) heap_init: At 3FFB4C10 len 0002B3F0 (172 KiB): DRAM[0m
[0;32mI (345) heap_init: At 3FFE0440 len 00003AE0 (14 KiB): D/IRAM[0m
[0;32mI (350) heap_init: At 3FFE4350 len 0001BCB0 (111 KiB): D/IRAM[0m
[0;32mI (356) heap_init: At 4008D57C len 00012A84 (74 KiB): IRAM[0m
[0;32mI (362) spi_flash: detected chip: generic[0m
[0;32mI (365) spi_flash: flash io: dio[0m
[0;33mW (368) spi_flash: Detected size(4096k) larger than the size in the binary image header(2048k). Using the size in the binary image header.[0m
[0;32mI (383) main_task: Started on CPU0[0m
[0;32mI (393) main_task: Calling app_main()[0m

assert failed: tcpip_send_msg_wait_sem /IDF/components/lwip/lwip/src/api/tcpip.c:454 (Invalid mbox)


Backtrace: 0x4008548d:0x3ffb5ba0 0x40085455:0x3ffb5bc0 0x4008b911:0x3ffb5be0 0x400e0c8b:0x3ffb5d00 0x400ec64e:0x3ffb5d30 0x400ec6e1:0x3ffb5d50 0x400e0ae5:0x3ffb5da0 0x400d9e8f:0x3ffb5dc0 0x400da4d8:0x3ffb5e20 0x400d81e5:0x3ffb5e50 0x400d8213:0x3ffb5ee0 0x40128ae8:0x3ffb5f00 0x40085fb5:0x3ffb5f30




ELF file SHA256: 88bdbddc2

Rebooting...
ets Jul 29 2019 12:21:46

rst:0xc (SW_CPU_RESET),boot:0x13 (SPI_FAST_FLASH_BOOT)
configsip: 0, SPIWP:0xee
clk_drv:0x00,q_drv:0x00,d_drv:0x00,cs0_drv:0x00,hd_drv:0x00,wp_drv:0x00
mode:DIO, clock div:2
load:0x3fff0030,len:6380
ho 0 tail 12 room 4
load:0x40078000,len:15916
load:0x40080400,len:3860
entry 0x40080638
[0;32mI (29) boot: ESP-IDF v5.5.1 2nd stage bootloader[0m
[0;32mI (29) boot: compile time Feb  6 2026 20:48:53[0m
[0;32mI (29) boot: Multicore bootloader[0m
[0;32mI (31) boot: chip revision: v3.1[0m
[0;32mI (33) boot.esp32: SPI Speed      : 40MHz[0m
[0;32mI (37) boot.esp32: SPI Mode       : DIO[0m
[0;32mI (41) boot.esp32: SPI Flash Size : 2MB[0m
[0;32mI (44) boot: Enabling RNG early entropy source...[0m
[0;32mI (49) boot: Partition Table:[0m
[0;32mI (51) boot: ## Label            Usage          Type ST Offset   Length[0m
[0;32mI (58) boot:  0 nvs              WiFi data        01 02 00009000 00006000[0m
[0;32mI (64) boot:  1 phy_init         RF data          01 01 0000f000 00001000[0m
[0;32mI (71) boot:  2 factory          factory app      00 00 00010000 00100000[0m
[0;32mI (77) boot: End of partition table[0m
[0;32mI (80) esp_image: segment 0: paddr=00010020 vaddr=3f400020 size=12f24h ( 77604) map[0m
[0;32mI (114) esp_image: segment 1: paddr=00022f4c vaddr=3ffb0000 size=024f8h (  9464) load[0m
[0;32mI (118) esp_image: segment 2: paddr=0002544c vaddr=40080000 size=0abcch ( 43980) load[0m
[0;32mI (136) esp_image: segment 3: paddr=00030020 vaddr=400d0020 size=59404h (365572) map[0m
[0;32mI (261) esp_image: segment 4: paddr=0008942c vaddr=4008abcc size=029b0h ( 10672) load[0m
[0;32mI (265) esp_image: segment 5: paddr=0008bde4 vaddr=50000000 size=00020h (    32) load[0m
[0;32mI (272) boot: Loaded app from partition at offset 0x10000[0m
[0;32mI (272) boot: Disabling RNG early entropy source...[0m
[0;32mI (286) cpu_start: Multicore app[0m
[0;32mI (295) cpu_start: Pro cpu start user code[0m
[0;32mI (295) cpu_start: cpu freq: 160000000 Hz[0m
[0;32mI (295) app_init: Application information:[0m
[0;32mI (295) app_init: Project name:     testing[0m
[0;32mI (299) app_init: App version:      a540103-dirty[0m
[0;32mI (303) app_init: Compile time:     Feb  7 2026 18:42:40[0m
[0;32mI (308) app_init: ELF file SHA256:  88bdbddc2...[0m
[0;32mI (313) app_init: ESP-IDF:          v5.5.1[0m
[0;32mI (316) efuse_init: Min chip rev:     v0.0[0m
[0;32mI (320) efuse_init: Max chip rev:     v3.99 [0m
[0;32mI (324) efuse_init: Chip rev:         v3.1[0m
[0;32mI (328) heap_init: Initializing. RAM available for dynamic allocation:[0m
[0;32mI (335) heap_init: At 3FFAE6E0 len 00001920 (6 KiB): DRAM[0m
[0;32mI (339) heap_init: At 3FFB4C10 len 0002B3F0 (172 KiB): DRAM[0m
[0;32mI (345) heap_init: At 3FFE0440 len 00003AE0 (14 KiB): D/IRAM[0m
[0;32mI (350) heap_init: At 3FFE4350 len 0001BCB0 (111 KiB): D/IRAM[0m
[0;32mI (356) heap_init: At 4008D57C len 00012A84 (74 KiB): IRAM[0m
[0;32mI (362) spi_flash: detected chip: generic[0m
[0;32mI (365) spi_flash: flash io: dio[0m
[0;33mW (368) spi_flash: Detected size(4096k) larger than the size in the binary image header(2048k). Using the size in the binary image header.[0m
[0;32mI (383) main_task: Started on CPU0[0m
[0;32mI (393) main_task: Calling app_main()[0m

assert failed: tcpip_send_msg_wait_sem /IDF/components/lwip/lwip/src/api/tcpip.c:454 (Invalid mbox)


Backtrace: 0x4008548d:0x3ffb5ba0 0x40085455:0x3ffb5bc0 0x4008b911:0x3ffb5be0 0x400e0c8b:0x3ffb5d00 0x400ec64e:0x3ffb5d30 0x400ec6e1:0x3ffb5d50 0x400e0ae5:0x3ffb5da0 0x400d9e8f:0x3ffb5dc0 0x400da4d8:0x3ffb5e20 0x400d81e5:0x3ffb5e50 0x400d8213:0x3ffb5ee0 0x40128ae8:0x3ffb5f00 0x40085fb5:0x3ffb5f30




ELF file SHA256: 88bdbddc2

Rebooting...
ets Jul 29 2019 12:21:46

rst:0xc (SW_CPU_RESET),boot:0x13 (SPI_FAST_FLASH_BOOT)
configsip: 0, SPIWP:0xee
clk_drv:0x00,q_drv:0x00,d_drv:0x00,cs0_drv:0x00,hd_drv:0x00,wp_drv:0x00
mode:DIO, clock div:2
load:0x3fff0030,len:6380
ho 0 tail 12 room 4
load:0x40078000,len:15916
load:0x40080400,len:3860
entry 0x40080638
[0;32mI (29) boot: ESP-IDF v5.5.1 2nd stage bootloader[0m
[0;32mI (29) boot: compile time Feb  6 2026 20:48:53[0m
[0;32mI (29) boot: Multicore bootloader[0m
[0;32mI (31) boot: chip revision: v3.1[0m
[0;32mI (33) boot.esp32: SPI Speed      : 40MHz[0m
[0;32mI (37) boot.esp32: SPI Mode       : DIO[0m
[0;32mI (41) boot.esp32: SPI Flash Size : 2MB[0m
[0;32mI (44) boot: Enabling RNG early entropy source...[0m
[0;32mI (49) boot: Partition Table:[0m
[0;32mI (51) boot: ## Label            Usage          Type ST Offset   Length[0m
[0;32mI (58) boot:  0 nvs              WiFi data        01 02 00009000 00006000[0m
[0;32mI (64) boot:  1 phy_init         RF data          01 01 0000f000 00001000[0m
[0;32mI (71) boot:  2 factory          factory app      00 00 00010000 00100000[0m
[0;32mI (77) boot: End of partition table[0m
[0;32mI (80) esp_image: segment 0: paddr=00010020 vaddr=3f400020 size=12f24h ( 77604) map[0m
[0;32mI (114) esp_image: segment 1: paddr=00022f4c vaddr=3ffb0000 size=024f8h (  9464) load[0m
[0;32mI (118) esp_image: segment 2: paddr=0002544c vaddr=40080000 size=0abcch ( 43980) load[0m
[0;32mI (136) esp_image: segment 3: paddr=00030020 vaddr=400d0020 size=59404h (365572) map[0m
[0;32mI (261) esp_image: segment 4: paddr=0008942c vaddr=4008abcc size=029b0h ( 10672) load[0m
[0;32mI (265) esp_image: segment 5: paddr=0008bde4 vaddr=50000000 size=00020h (    32) load[0m
[0;32mI (272) boot: Loaded app from partition at offset 0x10000[0m
[0;32mI (272) boot: Disabling RNG early entropy source...[0m
[0;32mI (286) cpu_start: Multicore app[0m
[0;32mI (295) cpu_start: Pro cpu start user code[0m
[0;32mI (295) cpu_start: cpu freq: 160000000 Hz[0m
[0;32mI (295) app_init: Application information:[0m
[0;32mI (295) app_init: Project name:     testing[0m
[0;32mI (299) app_init: App version:      a540103-dirty[0m
[0;32mI (303) app_init: Compile time:     Feb  7 2026 18:42:40[0m
[0;32mI (308) app_init: ELF file SHA256:  88bdbddc2...[0m
[0;32mI (313) app_init: ESP-IDF:          v5.5.1[0m
[0;32mI (316) efuse_init: Min chip rev:     v0.0[0m
[0;32mI (320) efuse_init: Max chip rev:     v3.99 [0m
[0;32mI (324) efuse_init: Chip rev:         v3.1[0m
[0;32mI (328) heap_init: Initializing. RAM available for dynamic allocation:[0m
[0;32mI (335) heap_init: At 3FFAE6E0 len 00001920 (6 KiB): DRAM[0m
[0;32mI (339) heap_init: At 3FFB4C10 len 0002B3F0 (172 KiB): DRAM[0m
[0;32mI (345) heap_init: At 3FFE0440 len 00003AE0 (14 KiB): D/IRAM[0m
[0;32mI (350) heap_init: At 3FFE4350 len 0001BCB0 (111 KiB): D/IRAM[0m
[0;32mI (356) heap_init: At 4008D57C len 00012A84 (74 KiB): IRAM[0m
[0;32mI (362) spi_flash: detected chip: generic[0m
[0;32mI (365) spi_flash: flash io: dio[0m
[0;33mW (368) spi_flash: Detected size(4096k) larger than the size in the binary image header(2048k). Using the size in the binary image header.[0m
[0;32mI (383) main_task: Started on CPU0[0m
[0;32mI (393) main_task: Calling app_main()[0m

assert failed: tcpip_send_msg_wait_sem /IDF/components/lwip/lwip/src/api/tcpip.c:454 (Invalid mbox)


Backtrace: 0x4008548d:0x3ffb5ba0 0x40085455:0x3ffb5bc0 0x4008b911:0x3ffb5be0 0x400e0c8b:0x3ffb5d00 0x400ec64e:0x3ffb5d30 0x400ec6e1:0x3ffb5d50 0x400e0ae5:0x3ffb5da0 0x400d9e8f:0x3ffb5dc0 0x400da4d8:0x3ffb5e20 0x400d81e5:0x3ffb5e50 0x400d8213:0x3ffb5ee0 0x40128ae8:0x3ffb5f00 0x40085fb5:0x3ffb5f30




ELF file SHA256: 88bdbddc2

Rebooting...
ets Jul 29 2019 12:21:46

rst:0xc (SW_CPU_RESET),boot:0x13 (SPI_FAST_FLASH_BOOT)
configsip: 0, SPIWP:0xee
clk_drv:0x00,q_drv:0x00,d_drv:0x00,cs0_drv:0x00,hd_drv:0x00,wp_drv:0x00
mode:DIO, clock div:2
load:0x3fff0030,len:6380
ho 0 tail 12 room 4
load:0x40078000,len:15916
load:0x40080400,len:3860
entry 0x40080638
[0;32mI (29) boot: ESP-IDF v5.5.1 2nd stage bootloader[0m
[0;32mI (29) boot: compile time Feb  6 2026 20:48:53[0m
[0;32mI (29) boot: Multicore bootloader[0m
[0;32mI (31) boot: chip revision: v3.1[0m
[0;32mI (33) boot.esp32: SPI Speed      : 40MHz[0m
[0;32mI (37) boot.esp32: SPI Mode       : DIO[0m
[0;32mI (41) boot.esp32: SPI Flash Size : 2MB[0m
[0;32mI (44) boot: Enabling RNG early entropy source...[0m
[0;32mI (49) boot: Partition Table:[0m
[0;32mI (51) boot: ## Label            Usage          Type ST Offset   Length[0m
[0;32mI (58) boot:  0 nvs              WiFi data        01 02 00009000 00006000[0m
[0;32mI (64) boot:  1 phy_init         RF data          01 01 0000f000 00001000[0m
[0;32mI (71) boot:  2 factory          factory app      00 00 00010000 00100000[0m
[0;32mI (77) boot: End of partition table[0m
[0;32mI (80) esp_image: segment 0: paddr=00010020 vaddr=3f400020 size=12f24h ( 77604) map[0m
[0;32mI (114) esp_image: segment 1: paddr=00022f4c vaddr=3ffb0000 size=024f8h (  9464) load[0m
[0;32mI (118) esp_image: segment 2: paddr=0002544c vaddr=40080000 size=0abcch ( 43980) load[0m
[0;32mI (136) esp_image: segment 3: paddr=00030020 vaddr=400d0020 size=59404h (365572) map[0m
[0;32mI (261) esp_image: segment 4: paddr=0008942c vaddr=4008abcc size=029b0h ( 10672) load[0m
[0;32mI (265) esp_image: segment 5: paddr=0008bde4 vaddr=50000000 size=00020h (    32) load[0m
[0;32mI (272) boot: Loaded app from partition at offset 0x10000[0m
[0;32mI (272) boot: Disabling RNG early entropy source...[0m
[0;32mI (286) cpu_start: Multicore app[0m
[0;32mI (295) cpu_start: Pro cpu start user code[0m
[0;32mI (295) cpu_start: cpu freq: 160000000 Hz[0m
[0;32mI (295) app_init: Application information:[0m
[0;32mI (295) app_init: Project name:     testing[0m
[0;32mI (299) app_init: App version:      a540103-dirty[0m
[0;32mI (303) app_init: Compile time:     Feb  7 2026 18:42:40[0m
[0;32mI (308) app_init: ELF file SHA256:  88bdbddc2...[0m
[0;32mI (313) app_init: ESP-IDF:          v5.5.1[0m
[0;32mI (316) efuse_init: Min chip rev:     v0.0[0m
[0;32mI (320) efuse_init: Max chip rev:     v3.99 [0m
[0;32mI (324) efuse_init: Chip rev:         v3.1[0m
[0;32mI (328) heap_init: Initializing. RAM available for dynamic allocation:[0m
[0;32mI (335) heap_init: At 3FFAE6E0 len 00001920 (6 KiB): DRAM[0m
[0;32mI (339) heap_init: At 3FFB4C10 len 0002B3F0 (172 KiB): DRAM[0m
[0;32mI (345) heap_init: At 3FFE0440 len 00003AE0 (14 KiB): D/IRAM[0m
[0;32mI (350) heap_init: At 3FFE4350 len 0001BCB0 (111 KiB): D/IRAM[0m
[0;32mI (356) heap_init: At 4008D57C len 00012A84 (74 KiB): IRAM[0m
[0;32mI (362) spi_flash: detected chip: generic[0m
[0;32mI (365) spi_flash: flash io: dio[0m
[0;33mW (368) spi_flash: Detected size(4096k) larger than the size in the binary image header(2048k). Using the size in the binary image header.[0m
[0;32mI (383) main_task: Started on CPU0[0m
[0;32mI (393) main_task: Calling app_main()[0m

assert failed: tcpip_send_msg_wait_sem /IDF/components/lwip/lwip/src/api/tcpip.c:454 (Invalid mbox)


Backtrace: 0x4008548d:0x3ffb5ba0 0x40085455:0x3ffb5bc0 0x4008b911:0x3ffb5be0 0x400e0c8b:0x3ffb5d00 0x400ec64e:0x3ffb5d30 0x400ec6e1:0x3ffb5d50 0x400e0ae5:0x3ffb5da0 0x400d9e8f:0x3ffb5dc0 0x400da4d8:0x3ffb5e20 0x400d81e5:0x3ffb5e50 0x400d8213:0x3ffb5ee0 0x40128ae8:0x3ffb5f00 0x40085fb5:0x3ffb5f30




ELF file SHA256: 88bdbddc2

Rebooting...
ets Jul 29 2019 12:21:46

rst:0xc (SW_CPU_RESET),boot:0x13 (SPI_FAST_FLASH_BOOT)
configsip: 0, SPIWP:0xee
clk_drv:0x00,q_drv:0x00,d_drv:0x00,cs0_drv:0x00,hd_drv:0x00,wp_drv:0x00
mode:DIO, clock div:2
load:0x3fff0030,len:6380
ho 0 tail 12 room 4
load:0x40078000,len:15916
load:0x40080400,len:3860
entry 0x40080638
[0;32mI (29) boot: ESP-IDF v5.5.1 2nd stage bootloader[0m
[0;32mI (29) boot: compile time Feb  6 2026 20:48:53[0m
[0;32mI (29) boot: Multicore bootloader[0m
[0;32mI (31) boot: chip revision: v3.1[0m
[0;32mI (33) boot.esp32: SPI Speed      : 40MHz[0m
[0;32mI (37) boot.esp32: SPI Mode       : DIO[0m
[0;32mI (41) boot.esp32: SPI Flash Size : 2MB[0m
[0;32mI (44) boot: Enabling RNG early entropy source...[0m
[0;32mI (49) boot: Partition Table:[0m
[0;32mI (51) boot: ## Label            Usage          Type ST Offset   Length[0m
[0;32mI (58) boot:  0 nvs              WiFi data        01 02 00009000 00006000[0m
[0;32mI (64) boot:  1 phy_init         RF data          01 01 0000f000 00001000[0m
[0;32mI (71) boot:  2 factory          factory app      00 00 00010000 00100000[0m
[0;32mI (77) boot: End of partition table[0m
[0;32mI (80) esp_image: segment 0: paddr=00010020 vaddr=3f400020 size=12f24h ( 77604) map[0m
[0;32mI (114) esp_image: segment 1: paddr=00022f4c vaddr=3ffb0000 size=024f8h (  9464) load[0m
[0;32mI (118) esp_image: segment 2: paddr=0002544c vaddr=40080000 size=0abcch ( 43980) load[0m
[0;32mI (136) esp_image: segment 3: paddr=00030020 vaddr=400d0020 size=59404h (365572) map[0m
[0;32mI (261) esp_image: segment 4: paddr=0008942c vaddr=4008abcc size=029b0h ( 10672) load[0m
[0;32mI (265) esp_image: segment 5: paddr=0008bde4 vaddr=50000000 size=00020h (    32) load[0m
[0;32mI (272) boot: Loaded app from partition at offset 0x10000[0m
[0;32mI (272) boot: Disabling RNG early entropy source...[0m
[0;32mI (286) cpu_start: Multicore app[0m
[0;32mI (295) cpu_start: Pro cpu start user code[0m
[0;32mI (295) cpu_start: cpu freq: 160000000 Hz[0m
[0;32mI (295) app_init: Application information:[0m
[0;32mI (295) app_init: Project name:     testing[0m
[0;32mI (299) app_init: App version:      a540103-dirty[0m
[0;32mI (303) app_init: Compile time:     Feb  7 2026 18:42:40[0m
[0;32mI (308) app_init: ELF file SHA256:  88bdbddc2...[0m
[0;32mI (313) app_init: ESP-IDF:          v5.5.1[0m
[0;32mI (316) efuse_init: Min chip rev:     v0.0[0m
[0;32mI (320) efuse_init: Max chip rev:     v3.99 [0m
[0;32mI (324) efuse_init: Chip rev:         v3.1[0m
[0;32mI (328) heap_init: Initializing. RAM available for dynamic allocation:[0m
[0;32mI (335) heap_init: At 3FFAE6E0 len 00001920 (6 KiB): DRAM[0m
[0;32mI (339) heap_init: At 3FFB4C10 len 0002B3F0 (172 KiB): DRAM[0m
[0;32mI (345) heap_init: At 3FFE0440 len 00003AE0 (14 KiB): D/IRAM[0m
[0;32mI (350) heap_init: At 3FFE4350 len 0001BCB0 (111 KiB): D/IRAM[0m
[0;32mI (356) heap_init: At 4008D57C len 00012A84 (74 KiB): IRAM[0m
[0;32mI (362) spi_flash: detected chip: generic[0m
[0;32mI (365) spi_flash: flash io: dio[0m
[0;33mW (368) spi_flash: Detected size(4096k) larger than the size in the binary image header(2048k). Using the size in the binary image header.[0m
[0;32mI (383) main_task: Started on CPU0[0m
[0;32mI (393) main_task: Calling app_main()[0m

assert failed: tcpip_send_msg_wait_sem /IDF/components/lwip/lwip/src/api/tcpip.c:454 (Invalid mbox)


Backtrace: 0x4008548d:0x3ffb5ba0 0x40085455:0x3ffb5bc0 0x4008b911:0x3ffb5be0 0x400e0c8b:0x3ffb5d00 0x400ec64e:0x3ffb5d30 0x400ec6e1:0x3ffb5d50 0x400e0ae5:0x3ffb5da0 0x400d9e8f:0x3ffb5dc0 0x400da4d8:0x3ffb5e20 0x400d81e5:0x3ffb5e50 0x400d8213:0x3ffb5ee0 0x40128ae8:0x3ffb5f00 0x40085fb5:0x3ffb5f30




ELF file SHA256: 88bdbddc2

Rebooting...
ets Jul 29 2019 12:21:46

rst:0xc (SW_CPU_RESET),boot:0x13 (SPI_FAST_FLASH_BOOT)
configsip: 0, SPIWP:0xee
clk_drv:0x00,q_drv:0x00,d_drv:0x00,cs0_drv:0x00,hd_drv:0x00,wp_drv:0x00
mode:DIO, clock div:2
load:0x3fff0030,len:6380
ho 0 tail 12 room 4
load:0x40078000,len:15916
load:0x40080400,len:3860
entry 0x40080638
[0;32mI (29) boot: ESP-IDF v5.5.1 2nd stage bootloader[0m
[0;32mI (29) boot: compile time Feb  6 2026 20:48:53[0m
[0;32mI (29) boot: Multicore bootloader[0m
[0;32mI (31) boot: chip revision: v3.1[0m
[0;32mI (33) boot.esp32: SPI Speed      : 40MHz[0m
[0;32mI (37) boot.esp32: SPI Mode       : DIO[0m
[0;32mI (41) boot.esp32: SPI Flash Size : 2MB[0m
[0;32mI (44) boot: Enabling RNG early entropy source...[0m
[0;32mI (49) boot: Partition Table:[0m
[0;32mI (51) boot: ## Label            Usage          Type ST Offset   Length[0m
[0;32mI (58) boot:  0 nvs              WiFi data        01 02 00009000 00006000[0m
[0;32mI (64) boot:  1 phy_init         RF data          01 01 0000f000 00001000[0m
[0;32mI (71) boot:  2 factory          factory app      00 00 00010000 00100000[0m
[0;32mI (77) boot: End of partition table[0m
[0;32mI (80) esp_image: segment 0: paddr=00010020 vaddr=3f400020 size=12f24h ( 77604) map[0m
[0;32mI (114) esp_image: segment 1: paddr=00022f4c vaddr=3ffb0000 size=024f8h (  9464) load[0m
[0;32mI (118) esp_image: segment 2: paddr=0002544c vaddr=40080000 size=0abcch ( 43980) load[0m
[0;32mI (136) esp_image: segment 3: paddr=00030020 vaddr=400d0020 size=59404h (365572) map[0m
[0;32mI (261) esp_image: segment 4: paddr=0008942c vaddr=4008abcc size=029b0h ( 10672) load[0m
[0;32mI (265) esp_image: segment 5: paddr=0008bde4 vaddr=50000000 size=00020h (    32) load[0m
[0;32mI (272) boot: Loaded app from partition at offset 0x10000[0m
[0;32mI (272) boot: Disabling RNG early entropy source...[0m
[0;32mI (286) cpu_start: Multicore app[0m
[0;32mI (295) cpu_start: Pro cpu start user code[0m
[0;32mI (295) cpu_start: cpu freq: 160000000 Hz[0m
[0;32mI (295) app_init: Application information:[0m
[0;32mI (295) app_init: Project name:     testing[0m
[0;32mI (299) app_init: App version:      a540103-dirty[0m
[0;32mI (303) app_init: Compile time:     Feb  7 2026 18:42:40[0m
[0;32mI (308) app_init: ELF file SHA256:  88bdbddc2...[0m
[0;32mI (313) app_init: ESP-IDF:          v5.5.1[0m
[0;32mI (316) efuse_init: Min chip rev:     v0.0[0m
[0;32mI (320) efuse_init: Max chip rev:     v3.99 [0m
[0;32mI (324) efuse_init: Chip rev:         v3.1[0m
[0;32mI (328) heap_init: Initializing. RAM available for dynamic allocation:[0m
[0;32mI (335) heap_init: At 3FFAE6E0 len 00001920 (6 KiB): DRAM[0m
[0;32mI (339) heap_init: At 3FFB4C10 len 0002B3F0 (172 KiB): DRAM[0m
[0;32mI (345) heap_init: At 3FFE0440 len 00003AE0 (14 KiB): D/IRAM[0m
[0;32mI (350) heap_init: At 3FFE4350 len 0001BCB0 (111 KiB): D/IRAM[0m
[0;32mI (356) heap_init: At 4008D57C len 00012A84 (74 KiB): IRAM[0m
[0;32mI (362) spi_flash: detected chip: generic[0m
[0;32mI (365) spi_flash: flash io: dio[0m
[0;33mW (367) spi_flash: Detected size(4096k) larger than the size in the binary image header(2048k). Using the size in the binary image header.[0m
[0;32mI (383) main_task: Started on CPU0[0m
[0;32mI (393) main_task: Calling app_main()[0m

assert failed: tcpip_send_msg_wait_sem /IDF/components/lwip/lwip/src/api/tcpip.c:454 (Invalid mbox)


Backtrace: 0x4008548d:0x3ffb5ba0 0x40085455:0x3ffb5bc0 0x4008b911:0x3ffb5be0 0x400e0c8b:0x3ffb5d00 0x400ec64e:0x3ffb5d30 0x400ec6e1:0x3ffb5d50 0x400e0ae5:0x3ffb5da0 0x400d9e8f:0x3ffb5dc0 0x400da4d8:0x3ffb5e20 0x400d81e5:0x3ffb5e50 0x400d8213:0x3ffb5ee0 0x40128ae8:0x3ffb5f00 0x40085fb5:0x3ffb5f30




ELF file SHA256: 88bdbddc2

Rebooting...
ets Jul 29 2019 12:21:46

rst:0xc (SW_CPU_RESET),boot:0x13 (SPI_FAST_FLASH_BOOT)
configsip: 0, SPIWP:0xee
clk_drv:0x00,q_drv:0x00,d_drv:0x00,cs0_drv:0x00,hd_drv:0x00,wp_drv:0x00
mode:DIO, clock div:2
load:0x3fff0030,len:6380
ho 0 tail 12 room 4
load:0x40078000,len:15916
load:0x40080400,len:3860
entry 0x40080638
[0;32mI (29) boot: ESP-IDF v5.5.1 2nd stage bootloader[0m
[0;32mI (29) boot: compile time Feb  6 2026 20:48:53[0m
[0;32mI (29) boot: Multicore bootloader[0m
[0;32mI (31) boot: chip revision: v3.1[0m
[0;32mI (33) boot.esp32: SPI Speed      : 40MHz[0m
[0;32mI (37) boot.esp32: SPI Mode       : DIO[0m
[0;32mI (41) boot.esp32: SPI Flash Size : 2MB[0m
[0;32mI (44) boot: Enabling RNG early entropy source...[0m
[0;32mI (49) boot: Partition Table:[0m
[0;32mI (51) boot: ## Label            Usage          Type ST Offset   Length[0m
[0;32mI (58) boot:  0 nvs              WiFi data        01 02 00009000 00006000[0m
[0;32mI (64) boot:  1 phy_init         RF data          01 01 0000f000 00001000[0m
[0;32mI (71) boot:  2 factory          factory app      00 00 00010000 00100000[0m
[0;32mI (77) boot: End of partition table[0m
[0;32mI (80) esp_image: segment 0: paddr=00010020 vaddr=3f400020 size=12f24h ( 77604) map[0m
[0;32mI (114) esp_image: segment 1: paddr=00022f4c vaddr=3ffb0000 size=024f8h (  9464) load[0m
[0;32mI (118) esp_image: segment 2: paddr=0002544c vaddr=40080000 size=0abcch ( 43980) load[0m
[0;32mI (136) esp_image: segment 3: paddr=00030020 vaddr=400d0020 size=59404h (365572) map[0m
[0;32mI (261) esp_image: segment 4: paddr=0008942c vaddr=4008abcc size=029b0h ( 10672) load[0m
[0;32mI (265) esp_image: segment 5: paddr=0008bde4 vaddr=50000000 size=00020h (    32) load[0m
[0;32mI (272) boot: Loaded app from partition at offset 0x10000[0m
[0;32mI (272) boot: Disabling RNG early entropy source...[0m
[0;32mI (286) cpu_start: Multicore app[0m
[0;32mI (295) cpu_start: Pro cpu start user code[0m
[0;32mI (295) cpu_start: cpu freq: 160000000 Hz[0m
[0;32mI (295) app_init: Application information:[0m
[0;32mI (295) app_init: Project name:     testing[0m
[0;32mI (299) app_init: App version:      a540103-dirty[0m
[0;32mI (303) app_init: Compile time:     Feb  7 2026 18:42:40[0m
[0;32mI (308) app_init: ELF file SHA256:  88bdbddc2...[0m
[0;32mI (313) app_init: ESP-IDF:          v5.5.1[0m
[0;32mI (316) efuse_init: Min chip rev:     v0.0[0m
[0;32mI (320) efuse_init: Max chip rev:     v3.99 [0m
[0;32mI (324) efuse_init: Chip rev:         v3.1[0m
[0;32mI (328) heap_init: Initializing. RAM available for dynamic allocation:[0m
[0;32mI (335) heap_init: At 3FFAE6E0 len 00001920 (6 KiB): DRAM[0m
[0;32mI (339) heap_init: At 3FFB4C10 len 0002B3F0 (172 KiB): DRAM[0m
[0;32mI (345) heap_init: At 3FFE0440 len 00003AE0 (14 KiB): D/IRAM[0m
[0;32mI (350) heap_init: At 3FFE4350 len 0001BCB0 (111 KiB): D/IRAM[0m
[0;32mI (356) heap_init: At 4008D57C len 00012A84 (74 KiB): IRAM[0m
[0;32mI (362) spi_flash: detected chip: generic[0m
[0;32mI (365) spi_flash: flash io: dio[0m
[0;33mW (368) spi_flash: Detected size(4096k) larger than the size in the binary image header(2048k). Using the size in the binary image header.[0m
[0;32mI (383) main_task: Started on CPU0[0m
[0;32mI (393) main_task: Calling app_main()[0m

assert failed: tcpip_send_msg_wait_sem /IDF/components/lwip/lwip/src/api/tcpip.c:454 (Invalid mbox)


Backtrace: 0x4008548d:0x3ffb5ba0 0x40085455:0x3ffb5bc0 0x4008b911:0x3ffb5be0 0x400e0c8b:0x3ffb5d00 0x400ec64e:0x3ffb5d30 0x400ec6e1:0x3ffb5d50 0x400e0ae5:0x3ffb5da0 0x400d9e8f:0x3ffb5dc0 0x400da4d8:0x3ffb5e20 0x400d81e5:0x3ffb5e50 0x400d8213:0x3ffb5ee0 0x40128ae8:0x3ffb5f00 0x40085fb5:0x3ffb5f30




ELF file SHA256: 88bdbddc2

Rebooting...
ets Jul 29 2019 12:21:46

rst:0xc (SW_CPU_RESET),boot:0x13 (SPI_FAST_FLASH_BOOT)
configsip: 0, SPIWP:0xee
clk_drv:0x00,q_drv:0x00,d_drv:0x00,cs0_drv:0x00,hd_drv:0x00,wp_drv:0x00
mode:DIO, clock div:2
load:0x3fff0030,len:6380
ho 0 tail 12 room 4
load:0x40078000,len:15916
load:0x40080400,len:3860
entry 0x40080638
[0;32mI (29) boot: ESP-IDF v5.5.1 2nd stage bootloader[0m
[0;32mI (29) boot: compile time Feb  6 2026 20:48:53[0m
[0;32mI (29) boot: Multicore bootloader[0m
[0;32mI (31) boot: chip revision: v3.1[0m
[0;32mI (33) boot.esp32: SPI Speed      : 40MHz[0m
[0;32mI (37) boot.esp32: SPI Mode       : DIO[0m
[0;32mI (41) boot.esp32: SPI Flash Size : 2MB[0m
[0;32mI (44) boot: Enabling RNG early entropy source...[0m
[0;32mI (49) boot: Partition Table:[0m
[0;32mI (51) boot: ## Label            Usage          Type ST Offset   Length[0m
[0;32mI (58) boot:  0 nvs              WiFi data        01 02 00009000 00006000[0m
[0;32mI (64) boot:  1 phy_init         RF data          01 01 0000f000 00001000[0m
[0;32mI (71) boot:  2 factory          factory app      00 00 00010000 00100000[0m
[0;32mI (77) boot: End of partition table[0m
[0;32mI (80) esp_image: segment 0: paddr=00010020 vaddr=3f400020 size=12f24h ( 77604) map[0m
[0;32mI (114) esp_image: segment 1: paddr=00022f4c vaddr=3ffb0000 size=024f8h (  9464) load[0m
[0;32mI (118) esp_image: segment 2: paddr=0002544c vaddr=40080000 size=0abcch ( 43980) load[0m
[0;32mI (136) esp_image: segment 3: paddr=00030020 vaddr=400d0020 size=59404h (365572) map[0m
[0;32mI (261) esp_image: segment 4: paddr=0008942c vaddr=4008abcc size=029b0h ( 10672) load[0m
[0;32mI (265) esp_image: segment 5: paddr=0008bde4 vaddr=50000000 size=00020h (    32) load[0m
[0;32mI (272) boot: Loaded app from partition at offset 0x10000[0m
[0;32mI (272) boot: Disabling RNG early entropy source...[0m
[0;32mI (286) cpu_start: Multicore app[0m
[0;32mI (295) cpu_start: Pro cpu start user code[0m
[0;32mI (295) cpu_start: cpu freq: 160000000 Hz[0m
[0;32mI (295) app_init: Application information:[0m
[0;32mI (295) app_init: Project name:     testing[0m
[0;32mI (299) app_init: App version:      a540103-dirty[0m
[0;32mI (303) app_init: Compile time:     Feb  7 2026 18:42:40[0m
[0;32mI (308) app_init: ELF file SHA256:  88bdbddc2...[0m
[0;32mI (313) app_init: ESP-IDF:          v5.5.1[0m
[0;32mI (316) efuse_init: Min chip rev:     v0.0[0m
[0;32mI (320) efuse_init: Max chip rev:     v3.99 [0m
[0;32mI (324) efuse_init: Chip rev:         v3.1[0m
[0;32mI (328) heap_init: Initializing. RAM available for dynamic allocation:[0m
[0;32mI (335) heap_init: At 3FFAE6E0 len 00001920 (6 KiB): DRAM[0m
[0;32mI (339) heap_init: At 3FFB4C10 len 0002B3F0 (172 KiB): DRAM[0m
[0;32mI (345) heap_init: At 3FFE0440 len 00003AE0 (14 KiB): D/IRAM[0m
[0;32mI (350) heap_init: At 3FFE4350 len 0001BCB0 (111 KiB): D/IRAM[0m
[0;32mI (356) heap_init: At 4008D57C len 00012A84 (74 KiB): IRAM[0m
[0;32mI (362) spi_flash: detected chip: generic[0m
[0;32mI (365) spi_flash: flash io: dio[0m
[0;33mW (367) spi_flash: Detected size(4096k) larger than the size in the binary image header(2048k). Using the size in the binary image header.[0m
[0;32mI (383) main_task: Started on CPU0[0m
[0;32mI (393) main_task: Calling app_main()[0m

assert failed: tcpip_send_msg_wait_sem /IDF/components/lwip/lwip/src/api/tcpip.c:454 (Invalid mbox)


Backtrace: 0x4008548d:0x3ffb5ba0 0x40085455:0x3ffb5bc0 0x4008b911:0x3ffb5be0 0x400e0c8b:0x3ffb5d00 0x400ec64e:0x3ffb5d30 0x400ec6e1:0x3ffb5d50 0x400e0ae5:0x3ffb5da0 0x400d9e8f:0x3ffb5dc0 0x400da4d8:0x3ffb5e20 0x400d81e5:0x3ffb5e50 0x400d8213:0x3ffb5ee0 0x40128ae8:0x3ffb5f00 0x40085fb5:0x3ffb5f30




ELF file SHA256: 88bdbddc2

Rebooting...
ets Jul 29 2019 12:21:46

rst:0xc (SW_CPU_RESET),boot:0x13 (SPI_FAST_FLASH_BOOT)
configsip: 0, SPIWP:0xee
clk_drv:0x00,q_drv:0x00,d_drv:0x00,cs0_drv:0x00,hd_drv:0x00,wp_drv:0x00
mode:DIO, clock div:2
load:0x3fff0030,len:6380
ho 0 tail 12 room 4
load:0x40078000,len:15916
load:0x40080400,len:3860
entry 0x40080638
[0;32mI (29) boot: ESP-IDF v5.5.1 2nd stage bootloader[0m
[0;32mI (29) boot: compile time Feb  6 2026 20:48:53[0m
[0;32mI (29) boot: Multicore bootloader[0m
[0;32mI (31) boot: chip revision: v3.1[0m
[0;32mI (33) boot.esp32: SPI Speed      : 40MHz[0m
[0;32mI (37) boot.esp32: SPI Mode       : DIO[0m
[0;32mI (41) boot.esp32: SPI Flash Size : 2MB[0m
[0;32mI (44) boot: Enabling RNG early entropy source...[0m
[0;32mI (49) boot: Partition Table:[0m
[0;32mI (51) boot: ## Label            Usage          Type ST Offset   Length[0m
[0;32mI (58) boot:  0 nvs              WiFi data        01 02 00009000 00006000[0m
[0;32mI (64) boot:  1 phy_init         RF data          01 01 0000f000 00001000[0m
[0;32mI (71) boot:  2 factory          factory app      00 00 00010000 00100000[0m
[0;32mI (77) boot: End of partition table[0m
[0;32mI (80) esp_image: segment 0: paddr=00010020 vaddr=3f400020 size=12f24h ( 77604) map[0m
[0;32mI (114) esp_image: segment 1: paddr=00022f4c vaddr=3ffb0000 size=024f8h (  9464) load[0m
[0;32mI (118) esp_image: segment 2: paddr=0002544c vaddr=40080000 size=0abcch ( 43980) load[0m
[0;32mI (136) esp_image: segment 3: paddr=00030020 vaddr=400d0020 size=59404h (365572) map[0m
[0;32mI (261) esp_image: segment 4: paddr=0008942c vaddr=4008abcc size=029b0h ( 10672) load[0m
[0;32mI (265) esp_image: segment 5: paddr=0008bde4 vaddr=50000000 size=00020h (    32) load[0m
[0;32mI (272) boot: Loaded app from partition at offset 0x10000[0m
[0;32mI (272) boot: Disabling RNG early entropy source...[0m
[0;32mI (286) cpu_start: Multicore app[0m
[0;32mI (295) cpu_start: Pro cpu start user code[0m
[0;32mI (295) cpu_start: cpu freq: 160000000 Hz[0m
[0;32mI (295) app_init: Application information:[0m
[0;32mI (295) app_init: Project name:     testing[0m
[0;32mI (299) app_init: App version:      a540103-dirty[0m
[0;32mI (303) app_init: Compile time:     Feb  7 2026 18:42:40[0m
[0;32mI (308) app_init: ELF file SHA256:  88bdbddc2...[0m
[0;32mI (313) app_init: ESP-IDF:          v5.5.1[0m
[0;32mI (316) efuse_init: Min chip rev:     v0.0[0m
[0;32mI (320) efuse_init: Max chip rev:     v3.99 [0m
[0;32mI (324) efuse_init: Chip rev:         v3.1[0m
[0;32mI (328) heap_init: Initializing. RAM available for dynamic allocation:[0m
[0;32mI (335) heap_init: At 3FFAE6E0 len 00001920 (6 KiB): DRAM[0m
[0;32mI (339) heap_init: At 3FFB4C10 len 0002B3F0 (172 KiB): DRAM[0m
[0;32mI (345) heap_init: At 3FFE0440 len 00003AE0 (14 KiB): D/IRAM[0m
[0;32mI (350) heap_init: At 3FFE4350 len 0001BCB0 (111 KiB): D/IRAM[0m
[0;32mI (356) heap_init: At 4008D57C len 00012A84 (74 KiB): IRAM[0m
[0;32mI (362) spi_flash: detected chip: generic[0m
[0;32mI (365) spi_flash: flash io: dio[0m
[0;33mW (367) spi_flash: Detected size(4096k) larger than the size in the binary image header(2048k). Using the size in the binary image header.[0m
[0;32mI (383) main_task: Started on CPU0[0m
[0;32mI (393) main_task: Calling app_main()[0m

assert failed: tcpip_send_msg_wait_sem /IDF/components/lwip/lwip/src/api/tcpip.c:454 (Invalid mbox)


Backtrace: 0x4008548d:0x3ffb5ba0 0x40085455:0x3ffb5bc0 0x4008b911:0x3ffb5be0 0x400e0c8b:0x3ffb5d00 0x400ec64e:0x3ffb5d30 0x400ec6e1:0x3ffb5d50 0x400e0ae5:0x3ffb5da0 0x400d9e8f:0x3ffb5dc0 0x400da4d8:0x3ffb5e20 0x400d81e5:0x3ffb5e50 0x400d8213:0x3ffb5ee0 0x40128ae8:0x3ffb5f00 0x40085fb5:0x3ffb5f30




ELF file SHA256: 88bdbddc2

Rebooting...
ets Jul 29 2019 12:21:46

rst:0xc (SW_CPU_RESET),boot:0x13 (SPI_FAST_FLASH_BOOT)
configsip: 0, SPIWP:0xee
clk_drv:0x00,q_drv:0x00,d_drv:0x00,cs0_drv:0x00,hd_drv:0x00,wp_drv:0x00
mode:DIO, clock div:2
load:0x3fff0030,len:6380
ho 0 tail 12 room 4
load:0x40078000,len:15916
load:0x40080400,len:3860
entry 0x40080638
[0;32mI (29) boot: ESP-IDF v5.5.1 2nd stage bootloader[0m
[0;32mI (29) boot: compile time Feb  6 2026 20:48:53[0m
[0;32mI (29) boot: Multicore bootloader[0m
[0;32mI (31) boot: chip revision: v3.1[0m
[0;32mI (33) boot.esp32: SPI Speed      : 40MHz[0m
[0;32mI (37) boot.esp32: SPI Mode       : DIO[0m
[0;32mI (41) boot.esp32: SPI Flash Size : 2MB[0m
[0;32mI (44) boot: Enabling RNG early entropy source...[0m
[0;32mI (49) boot: Partition Table:[0m
[0;32mI (51) boot: ## Label            Usage          Type ST Offset   Length[0m
[0;32mI (58) boot:  0 nvs              WiFi data        01 02 00009000 00006000[0m
[0;32mI (64) boot:  1 phy_init         RF data          01 01 0000f000 00001000[0m
[0;32mI (71) boot:  2 factory          factory app      00 00 00010000 00100000[0m
[0;32mI (77) boot: End of partition table[0m
[0;32mI (80) esp_image: segment 0: paddr=00010020 vaddr=3f400020 size=12f24h ( 77604) map[0m
[0;32mI (114) esp_image: segment 1: paddr=00022f4c vaddr=3ffb0000 size=024f8h (  9464) load[0m
[0;32mI (118) esp_image: segment 2: paddr=0002544c vaddr=40080000 size=0abcch ( 43980) load[0m
[0;32mI (136) esp_image: segment 3: paddr=00030020 vaddr=400d0020 size=59404h (365572) map[0m
[0;32mI (261) esp_image: segment 4: paddr=0008942c vaddr=4008abcc size=029b0h ( 10672) load[0m
[0;32mI (265) esp_image: segment 5: paddr=0008bde4 vaddr=50000000 size=00020h (    32) load[0m
[0;32mI (272) boot: Loaded app from partition at offset 0x10000[0m
[0;32mI (272) boot: Disabling RNG early entropy source...[0m
[0;32mI (286) cpu_start: Multicore app[0m
[0;32mI (295) cpu_start: Pro cpu start user code[0m
[0;32mI (295) cpu_start: cpu freq: 160000000 Hz[0m
[0;32mI (295) app_init: Application information:[0m
[0;32mI (295) app_init: Project name:     testing[0m
[0;32mI (299) app_init: App version:      a540103-dirty[0m
[0;32mI (303) app_init: Compile time:     Feb  7 2026 18:42:40[0m
[0;32mI (308) app_init: ELF file SHA256:  88bdbddc2...[0m
[0;32mI (313) app_init: ESP-IDF:          v5.5.1[0m
[0;32mI (316) efuse_init: Min chip rev:     v0.0[0m
[0;32mI (320) efuse_init: Max chip rev:     v3.99 [0m
[0;32mI (324) efuse_init: Chip rev:         v3.1[0m
[0;32mI (328) heap_init: Initializing. RAM available for dynamic allocation:[0m
[0;32mI (335) heap_init: At 3FFAE6E0 len 00001920 (6 KiB): DRAM[0m
[0;32mI (339) heap_init: At 3FFB4C10 len 0002B3F0 (172 KiB): DRAM[0m
[0;32mI (345) heap_init: At 3FFE0440 len 00003AE0 (14 KiB): D/IRAM[0m
[0;32mI (350) heap_init: At 3FFE4350 len 0001BCB0 (111 KiB): D/IRAM[0m
[0;32mI (356) heap_init: At 4008D57C len 00012A84 (74 KiB): IRAM[0m
[0;32mI (362) spi_flash: detected chip: generic[0m
[0;32mI (365) spi_flash: flash io: dio[0m
[0;33mW (368) spi_flash: Detected size(4096k) larger than the size in the binary image header(2048k). Using the size in the binary image header.[0m
[0;32mI (383) main_task: Started on CPU0[0m
[0;32mI (393) main_task: Calling app_main()[0m

assert failed: tcpip_send_msg_wait_sem /IDF/components/lwip/lwip/src/api/tcpip.c:454 (Invalid mbox)


Backtrace: 0x4008548d:0x3ffb5ba0 0x40085455:0x3ffb5bc0 0x4008b911:0x3ffb5be0 0x400e0c8b:0x3ffb5d00 0x400ec64e:0x3ffb5d30 0x400ec6e1:0x3ffb5d50 0x400e0ae5:0x3ffb5da0 0x400d9e8f:0x3ffb5dc0 0x400da4d8:0x3ffb5e20 0x400d81e5:0x3ffb5e50 0x400d8213:0x3ffb5ee0 0x40128ae8:0x3ffb5f00 0x40085fb5:0x3ffb5f30




ELF file SHA256: 88bdbddc2

Rebooting...
ets Jul 29 2019 12:21:46

rst:0xc (SW_CPU_RESET),boot:0x13 (SPI_FAST_FLASH_BOOT)
configsip: 0, SPIWP:0xee
clk_drv:0x00,q_drv:0x00,d_drv:0x00,cs0_drv:0x00,hd_drv:0x00,wp_drv:0x00
mode:DIO, clock div:2
load:0x3fff0030,len:6380
ho 0 tail 12 room 4
load:0x40078000,len:15916
load:0x40080400,len:3860
entry 0x40080638
[0;32mI (29) boot: ESP-IDF v5.5.1 2nd stage bootloader[0m
[0;32mI (29) boot: compile time Feb  6 2026 20:48:53[0m
[0;32mI (29) boot: Multicore bootloader[0m
[0;32mI (31) boot: chip revision: v3.1[0m
[0;32mI (33) boot.esp32: SPI Speed      : 40MHz[0m
[0;32mI (37) boot.esp32: SPI Mode       : DIO[0m
[0;32mI (41) boot.esp32: SPI Flash Size : 2MB[0m
[0;32mI (44) boot: Enabling RNG early entropy source...[0m
[0;32mI (49) boot: Partition Table:[0m
[0;32mI (51) boot: ## Label            Usage          Type ST Offset   Length[0m
[0;32mI (58) boot:  0 nvs              WiFi data        01 02 00009000 00006000[0m
[0;32mI (64) boot:  1 phy_init         RF data          01 01 0000f000 00001000[0m
[0;32mI (71) boot:  2 factory          factory app      00 00 00010000 00100000[0m
[0;32mI (77) boot: End of partition table[0m
[0;32mI (80) esp_image: segment 0: paddr=00010020 vaddr=3f400020 size=12f24h ( 77604) map[0m
[0;32mI (114) esp_image: segment 1: paddr=00022f4c vaddr=3ffb0000 size=024f8h (  9464) load[0m
[0;32mI (118) esp_image: segment 2: paddr=0002544c vaddr=40080000 size=0abcch ( 43980) load[0m
[0;32mI (136) esp_image: segment 3: paddr=00030020 vaddr=400d0020 size=59404h (365572) map[0m
[0;32mI (261) esp_image: segment 4: paddr=0008942c vaddr=4008abcc size=029b0h ( 10672) load[0m
[0;32mI (265) esp_image: segment 5: paddr=0008bde4 vaddr=50000000 size=00020h (    32) load[0m
[0;32mI (272) boot: Loaded app from partition at offset 0x10000[0m
[0;32mI (272) boot: Disabling RNG early entropy source...[0m
[0;32mI (286) cpu_start: Multicore app[0m
[0;32mI (295) cpu_start: Pro cpu start user code[0m
[0;32mI (295) cpu_start: cpu freq: 160000000 Hz[0m
[0;32mI (295) app_init: Application information:[0m
[0;32mI (295) app_init: Project name:     testing[0m
[0;32mI (299) app_init: App version:      a540103-dirty[0m
[0;32mI (303) app_init: Compile time:     Feb  7 2026 18:42:40[0m
[0;32mI (308) app_init: ELF file SHA256:  88bdbddc2...[0m
[0;32mI (313) app_init: ESP-IDF:          v5.5.1[0m
[0;32mI (316) efuse_init: Min chip rev:     v0.0[0m
[0;32mI (320) efuse_init: Max chip rev:     v3.99 [0m
[0;32mI (324) efuse_init: Chip rev:         v3.1[0m
[0;32mI (328) heap_init: Initializing. RAM available for dynamic allocation:[0m
[0;32mI (335) heap_init: At 3FFAE6E0 len 00001920 (6 KiB): DRAM[0m
[0;32mI (339) heap_init: At 3FFB4C10 len 0002B3F0 (172 KiB): DRAM[0m
[0;32mI (345) heap_init: At 3FFE0440 len 00003AE0 (14 KiB): D/IRAM[0m
[0;32mI (350) heap_init: At 3FFE4350 len 0001BCB0 (111 KiB): D/IRAM[0m
[0;32mI (356) heap_init: At 4008D57C len 00012A84 (74 KiB): IRAM[0m
[0;32mI (362) spi_flash: detected chip: generic[0m
[0;32mI (365) spi_flash: flash io: dio[0m
[0;33mW (368) spi_flash: Detected size(4096k) larger than the size in the binary image header(2048k). Using the size in the binary image header.[0m
[0;32mI (383) main_task: Started on CPU0[0m
[0;32mI (393) main_task: Calling app_main()[0m

assert failed: tcpip_send_msg_wait_sem /IDF/components/lwip/lwip/src/api/tcpip.c:454 (Invalid mbox)


Backtrace: 0x4008548d:0x3ffb5ba0 0x40085455:0x3ffb5bc0 0x4008b911:0x3ffb5be0 0x400e0c8b:0x3ffb5d00 0x400ec64e:0x3ffb5d30 0x400ec6e1:0x3ffb5d50 0x400e0ae5:0x3ffb5da0 0x400d9e8f:0x3ffb5dc0 0x400da4d8:0x3ffb5e20 0x400d81e5:0x3ffb5e50 0x400d8213:0x3ffb5ee0 0x40128ae8:0x3ffb5f00 0x40085fb5:0x3ffb5f30




ELF file SHA256: 88bdbddc2

Rebooting...
ets Jul 29 2019 12:21:46

rst:0xc (SW_CPU_RESET),boot:0x13 (SPI_FAST_FLASH_BOOT)
configsip: 0, SPIWP:0xee
clk_drv:0x00,q_drv:0x00,d_drv:0x00,cs0_drv:0x00,hd_drv:0x00,wp_drv:0x00
mode:DIO, clock div:2
load:0x3fff0030,len:6380
ho 0 tail 12 room 4
load:0x40078000,len:15916
load:0x40080400,len:3860
entry 0x40080638
[0;32mI (29) boot: ESP-IDF v5.5.1 2nd stage bootloader[0m
[0;32mI (29) boot: compile time Feb  6 2026 20:48:53[0m
[0;32mI (29) boot: Multicore bootloader[0m
[0;32mI (31) boot: chip revision: v3.1[0m
[0;32mI (33) boot.esp32: SPI Speed      : 40MHz[0m
[0;32mI (37) boot.esp32: SPI Mode       : DIO[0m
[0;32mI (41) boot.esp32: SPI Flash Size : 2MB[0m
[0;32mI (44) boot: Enabling RNG early entropy source...[0m
[0;32mI (49) boot: Partition Table:[0m
[0;32mI (51) boot: ## Label            Usage          Type ST Offset   Length[0m
[0;32mI (58) boot:  0 nvs              WiFi data        01 02 00009000 00006000[0m
[0;32mI (64) boot:  1 phy_init         RF data          01 01 0000f000 00001000[0m
[0;32mI (71) boot:  2 factory          factory app      00 00 00010000 00100000[0m
[0;32mI (77) boot: End of partition table[0m
[0;32mI (80) esp_image: segment 0: paddr=00010020 vaddr=3f400020 size=12f24h ( 77604) map[0m
[0;32mI (114) esp_image: segment 1: paddr=00022f4c vaddr=3ffb0000 size=024f8h (  9464) load[0m
[0;32mI (118) esp_image: segment 2: paddr=0002544c vaddr=40080000 size=0abcch ( 43980) load[0m
[0;32mI (136) esp_image: segment 3: paddr=00030020 vaddr=400d0020 size=59404h (365572) map[0m
[0;32mI (261) esp_image: segment 4: paddr=0008942c vaddr=4008abcc size=029b0h ( 10672) load[0m
[0;32mI (265) esp_image: segment 5: paddr=0008bde4 vaddr=50000000 size=00020h (    32) load[0m
[0;32mI (272) boot: Loaded app from partition at offset 0x10000[0m
[0;32mI (272) boot: Disabling RNG early entropy source...[0m
[0;32mI (286) cpu_start: Multicore app[0m
[0;32mI (295) cpu_start: Pro cpu start user code[0m
[0;32mI (295) cpu_start: cpu freq: 160000000 Hz[0m
[0;32mI (295) app_init: Application information:[0m
[0;32mI (295) app_init: Project name:     testing[0m
[0;32mI (299) app_init: App version:      a540103-dirty[0m
[0;32mI (303) app_init: Compile time:     Feb  7 2026 18:42:40[0m
[0;32mI (308) app_init: ELF file SHA256:  88bdbddc2...[0m
[0;32mI (313) app_init: ESP-IDF:          v5.5.1[0m
[0;32mI (316) efuse_init: Min chip rev:     v0.0[0m
[0;32mI (320) efuse_init: Max chip rev:     v3.99 [0m
[0;32mI (324) efuse_init: Chip rev:         v3.1[0m
[0;32mI (328) heap_init: Initializing. RAM available for dynamic allocation:[0m
[0;32mI (335) heap_init: At 3FFAE6E0 len 00001920 (6 KiB): DRAM[0m
[0;32mI (339) heap_init: At 3FFB4C10 len 0002B3F0 (172 KiB): DRAM[0m
[0;32mI (345) heap_init: At 3FFE0440 len 00003AE0 (14 KiB): D/IRAM[0m
[0;32mI (350) heap_init: At 3FFE4350 len 0001BCB0 (111 KiB): D/IRAM[0m
[0;32mI (356) heap_init: At 4008D57C len 00012A84 (74 KiB): IRAM[0m
[0;32mI (362) spi_flash: detected chip: generic[0m
[0;32mI (365) spi_flash: flash io: dio[0m
[0;33mW (368) spi_flash: Detected size(4096k) larger than the size in the binary image header(2048k). Using the size in the binary image header.[0m
[0;32mI (383) main_task: Started on CPU0[0m
[0;32mI (393) main_task: Calling app_main()[0m

assert failed: tcpip_send_msg_wait_sem /IDF/components/lwip/lwip/src/api/tcpip.c:454 (Invalid mbox)


Backtrace: 0x4008548d:0x3ffb5ba0 0x40085455:0x3ffb5bc0 0x4008b911:0x3ffb5be0 0x400e0c8b:0x3ffb5d00 0x400ec64e:0x3ffb5d30 0x400ec6e1:0x3ffb5d50 0x400e0ae5:0x3ffb5da0 0x400d9e8f:0x3ffb5dc0 0x400da4d8:0x3ffb5e20 0x400d81e5:0x3ffb5e50 0x400d8213:0x3ffb5ee0 0x40128ae8:0x3ffb5f00 0x40085fb5:0x3ffb5f30




ELF file SHA256: 88bdbddc2

Rebooting...
ets Jul 29 2019 12:21:46

rst:0xc (SW_CPU_RESET),boot:0x13 (SPI_FAST_FLASH_BOOT)
configsip: 0, SPIWP:0xee
clk_drv:0x00,q_drv:0x00,d_drv:0x00,cs0_drv:0x00,hd_drv:0x00,wp_drv:0x00
mode:DIO, clock div:2
load:0x3fff0030,len:6380
ho 0 tail 12 room 4
load:0x40078000,len:15916
load:0x40080400,len:3860
entry 0x40080638
[0;32mI (29) boot: ESP-IDF v5.5.1 2nd stage bootloader[0m
[0;32mI (29) boot: compile time Feb  6 2026 20:48:53[0m
[0;32mI (29) boot: Multicore bootloader[0m
[0;32mI (31) boot: chip revision: v3.1[0m
[0;32mI (33) boot.esp32: SPI Speed      : 40MHz[0m
[0;32mI (37) boot.esp32: SPI Mode       : DIO[0m
[0;32mI (41) boot.esp32: SPI Flash Size : 2MB[0m
[0;32mI (44) boot: Enabling RNG early entropy source...[0m
[0;32mI (49) boot: Partition Table:[0m
[0;32mI (51) boot: ## Label            Usage          Type ST Offset   Length[0m
[0;32mI (58) boot:  0 nvs              WiFi data        01 02 00009000 00006000[0m
[0;32mI (64) boot:  1 phy_init         RF data          01 01 0000f000 00001000[0m
[0;32mI (71) boot:  2 factory          factory app      00 00 00010000 00100000[0m
[0;32mI (77) boot: End of partition table[0m
[0;32mI (80) esp_image: segment 0: paddr=00010020 vaddr=3f400020 size=12f24h ( 77604) map[0m
[0;32mI (114) esp_image: segment 1: paddr=00022f4c vaddr=3ffb0000 size=024f8h (  9464) load[0m
[0;32mI (118) esp_image: segment 2: paddr=0002544c vaddr=40080000 size=0abcch ( 43980) load[0m
[0;32mI (136) esp_image: segment 3: paddr=00030020 vaddr=400d0020 size=59404h (365572) map[0m
[0;32mI (261) esp_image: segment 4: paddr=0008942c vaddr=4008abcc size=029b0h ( 10672) load[0m
[0;32mI (265) esp_image: segment 5: paddr=0008bde4 vaddr=50000000 size=00020h (    32) load[0m
[0;32mI (272) boot: Loaded app from partition at offset 0x10000[0m
[0;32mI (272) boot: Disabling RNG early entropy source...[0m
[0;32mI (286) cpu_start: Multicore app[0m
[0;32mI (295) cpu_start: Pro cpu start user code[0m
[0;32mI (295) cpu_start: cpu freq: 160000000 Hz[0m
[0;32mI (295) app_init: Application information:[0m
[0;32mI (295) app_init: Project name:     testing[0m
[0;32mI (299) app_init: App version:      a540103-dirty[0m
[0;32mI (303) app_init: Compile time:     Feb  7 2026 18:42:40[0m
[0;32mI (308) app_init: ELF file SHA256:  88bdbddc2...[0m
[0;32mI (313) app_init: ESP-IDF:          v5.5.1[0m
[0;32mI (316) efuse_init: Min chip rev:     v0.0[0m
[0;32mI (320) efuse_init: Max chip rev:     v3.99 [0m
[0;32mI (324) efuse_init: Chip rev:         v3.1[0m
[0;32mI (328) heap_init: Initializing. RAM available for dynamic allocation:[0m
[0;32mI (335) heap_init: At 3FFAE6E0 len 00001920 (6 KiB): DRAM[0m
[0;32mI (339) heap_init: At 3FFB4C10 len 0002B3F0 (172 KiB): DRAM[0m
[0;32mI (345) heap_init: At 3FFE0440 len 00003AE0 (14 KiB): D/IRAM[0m
[0;32mI (350) heap_init: At 3FFE4350 len 0001BCB0 (111 KiB): D/IRAM[0m
[0;32mI (356) heap_init: At 4008D57C len 00012A84 (74 KiB): IRAM[0m
[0;32mI (362) spi_flash: detected chip: generic[0m
[0;32mI (365) spi_flash: flash io: dio[0m
[0;33mW (368) spi_flash: Detected size(4096k) larger than the size in the binary image header(2048k). Using the size in the binary image header.[0m
[0;32mI (383) main_task: Started on CPU0[0m
[0;32mI (393) main_task: Calling app_main()[0m

assert failed: tcpip_send_msg_wait_sem /IDF/components/lwip/lwip/src/api/tcpip.c:454 (Invalid mbox)


Backtrace: 0x4008548d:0x3ffb5ba0 0x40085455:0x3ffb5bc0 0x4008b911:0x3ffb5be0 0x400e0c8b:0x3ffb5d00 0x400ec64e:0x3ffb5d30 0x400ec6e1:0x3ffb5d50 0x400e0ae5:0x3ffb5da0 0x400d9e8f:0x3ffb5dc0 0x400da4d8:0x3ffb5e20 0x400d81e5:0x3ffb5e50 0x400d8213:0x3ffb5ee0 0x40128ae8:0x3ffb5f00 0x40085fb5:0x3ffb5f30




ELF file SHA256: 88bdbddc2

Rebooting...
ets Jul 29 2019 12:21:46

rst:0xc (SW_CPU_RESET),boot:0x13 (SPI_FAST_FLASH_BOOT)
configsip: 0, SPIWP:0xee
clk_drv:0x00,q_drv:0x00,d_drv:0x00,cs0_drv:0x00,hd_drv:0x00,wp_drv:0x00
mode:DIO, clock div:2
load:0x3fff0030,len:6380
ho 0 tail 12 room 4
load:0x40078000,len:15916
load:0x40080400,len:3860
entry 0x40080638
[0;32mI (29) boot: ESP-IDF v5.5.1 2nd stage bootloader[0m
[0;32mI (29) boot: compile time Feb  6 2026 20:48:53[0m
[0;32mI (29) boot: Multicore bootloader[0m
[0;32mI (31) boot: chip revision: v3.1[0m
[0;32mI (33) boot.esp32: SPI Speed      : 40MHz[0m
[0;32mI (37) boot.esp32: SPI Mode       : DIO[0m
[0;32mI (41) boot.esp32: SPI Flash Size : 2MB[0m
[0;32mI (44) boot: Enabling RNG early entropy source...[0m
[0;32mI (49) boot: Partition Table:[0m
[0;32mI (51) boot: ## Label            Usage          Type ST Offset   Length[0m
[0;32mI (58) boot:  0 nvs              WiFi data        01 02 00009000 00006000[0m
[0;32mI (64) boot:  1 phy_init         RF data          01 01 0000f000 00001000[0m
[0;32mI (71) boot:  2 factory          factory app      00 00 00010000 00100000[0m
[0;32mI (77) boot: End of partition table[0m
[0;32mI (80) esp_image: segment 0: paddr=00010020 vaddr=3f400020 size=12f24h ( 77604) map[0m
[0;32mI (114) esp_image: segment 1: paddr=00022f4c vaddr=3ffb0000 size=024f8h (  9464) load[0m
[0;32mI (118) esp_image: segment 2: paddr=0002544c vaddr=40080000 size=0abcch ( 43980) load[0m
[0;32mI (136) esp_image: segment 3: paddr=00030020 vaddr=400d0020 size=59404h (365572) map[0m
[0;32mI (261) esp_image: segment 4: paddr=0008942c vaddr=4008abcc size=029b0h ( 10672) load[0m
[0;32mI (265) esp_image: segment 5: paddr=0008bde4 vaddr=50000000 size=00020h (    32) load[0m
[0;32mI (272) boot: Loaded app from partition at offset 0x10000[0m
[0;32mI (272) boot: Disabling RNG early entropy source...[0m
[0;32mI (286) cpu_start: Multicore app[0m
[0;32mI (295) cpu_start: Pro cpu start user code[0m
[0;32mI (295) cpu_start: cpu freq: 160000000 Hz[0m
[0;32mI (295) app_init: Application information:[0m
[0;32mI (295) app_init: Project name:     testing[0m
[0;32mI (299) app_init: App version:      a540103-dirty[0m
[0;32mI (303) app_init: Compile time:     Feb  7 2026 18:42:40[0m
[0;32mI (308) app_init: ELF file SHA256:  88bdbddc2...[0m
[0;32mI (313) app_init: ESP-IDF:          v5.5.1[0m
[0;32mI (316) efuse_init: Min chip rev:     v0.0[0m
[0;32mI (320) efuse_init: Max chip rev:     v3.99 [0m
[0;32mI (324) efuse_init: Chip rev:         v3.1[0m
[0;32mI (328) heap_init: Initializing. RAM available for dynamic allocation:[0m
[0;32mI (335) heap_init: At 3FFAE6E0 len 00001920 (6 KiB): DRAM[0m
[0;32mI (339) heap_init: At 3FFB4C10 len 0002B3F0 (172 KiB): DRAM[0m
[0;32mI (345) heap_init: At 3FFE0440 len 00003AE0 (14 KiB): D/IRAM[0m
[0;32mI (350) heap_init: At 3FFE4350 len 0001BCB0 (111 KiB): D/IRAM[0m
[0;32mI (356) heap_init: At 4008D57C len 00012A84 (74 KiB): IRAM[0m
[0;32mI (362) spi_flash: detected chip: generic[0m
[0;32mI (365) spi_flash: flash io: dio[0m
[0;33mW (367) spi_flash: Detected size(4096k) larger than the size in the binary image header(2048k). Using the size in the binary image header.[0m
[0;32mI (383) main_task: Started on CPU0[0m
[0;32mI (393) main_task: Calling app_main()[0m

assert failed: tcpip_send_msg_wait_sem /IDF/components/lwip/lwip/src/api/tcpip.c:454 (Invalid mbox)


Backtrace: 0x4008548d:0x3ffb5ba0 0x40085455:0x3ffb5bc0 0x4008b911:0x3ffb5be0 0x400e0c8b:0x3ffb5d00 0x400ec64e:0x3ffb5d30 0x400ec6e1:0x3ffb5d50 0x400e0ae5:0x3ffb5da0 0x400d9e8f:0x3ffb5dc0 0x400da4d8:0x3ffb5e20 0x400d81e5:0x3ffb5e50 0x400d8213:0x3ffb5ee0 0x40128ae8:0x3ffb5f00 0x40085fb5:0x3ffb5f30




ELF file SHA256: 88bdbddc2

Rebooting...
ets Jul 29 2019 12:21:46

rst:0xc (SW_CPU_RESET),boot:0x13 (SPI_FAST_FLASH_BOOT)
configsip: 0, SPIWP:0xee
clk_drv:0x00,q_drv:0x00,d_drv:0x00,cs0_drv:0x00,hd_drv:0x00,wp_drv:0x00
mode:DIO, clock div:2
load:0x3fff0030,len:6380
ho 0 tail 12 room 4
load:0x40078000,len:15916
load:0x40080400,len:3860
entry 0x40080638
[0;32mI (29) boot: ESP-IDF v5.5.1 2nd stage bootloader[0m
[0;32mI (29) boot: compile time Feb  6 2026 20:48:53[0m
[0;32mI (29) boot: Multicore bootloader[0m
[0;32mI (31) boot: chip revision: v3.1[0m
[0;32mI (33) boot.esp32: SPI Speed      : 40MHz[0m
[0;32mI (37) boot.esp32: SPI Mode       : DIO[0m
[0;32mI (41) boot.esp32: SPI Flash Size : 2MB[0m
[0;32mI (44) boot: Enabling RNG early entropy source...[0m
[0;32mI (49) boot: Partition Table:[0m
[0;32mI (51) boot: ## Label            Usage          Type ST Offset   Length[0m
[0;32mI (58) boot:  0 nvs              WiFi data        01 02 00009000 00006000[0m
[0;32mI (64) boot:  1 phy_init         RF data          01 01 0000f000 00001000[0m
[0;32mI (71) boot:  2 factory          factory app      00 00 00010000 00100000[0m
[0;32mI (77) boot: End of partition table[0m
[0;32mI (80) esp_image: segment 0: paddr=00010020 vaddr=3f400020 size=12f24h ( 77604) map[0m
[0;32mI (114) esp_image: segment 1: paddr=00022f4c vaddr=3ffb0000 size=024f8h (  9464) load[0m
[0;32mI (118) esp_image: segment 2: paddr=0002544c vaddr=40080000 size=0abcch ( 43980) load[0m
[0;32mI (136) esp_image: segment 3: paddr=00030020 vaddr=400d0020 size=59404h (365572) map[0m
[0;32mI (261) esp_image: segment 4: paddr=0008942c vaddr=4008abcc size=029b0h ( 10672) load[0m
[0;32mI (265) esp_image: segment 5: paddr=0008bde4 vaddr=50000000 size=00020h (    32) load[0m
[0;32mI (272) boot: Loaded app from partition at offset 0x10000[0m
[0;32mI (272) boot: Disabling RNG early entropy source...[0m
[0;32mI (286) cpu_start: Multicore app[0m
[0;32mI (295) cpu_start: Pro cpu start user code[0m
[0;32mI (295) cpu_start: cpu freq: 160000000 Hz[0m
[0;32mI (295) app_init: Application information:[0m
[0;32mI (295) app_init: Project name:     testing[0m
[0;32mI (299) app_init: App version:      a540103-dirty[0m
[0;32mI (303) app_init: Compile time:     Feb  7 2026 18:42:40[0m
[0;32mI (308) app_init: ELF file SHA256:  88bdbddc2...[0m
[0;32mI (313) app_init: ESP-IDF:          v5.5.1[0m
[0;32mI (316) efuse_init: Min chip rev:     v0.0[0m
[0;32mI (320) efuse_init: Max chip rev:     v3.99 [0m
[0;32mI (324) efuse_init: Chip rev:         v3.1[0m
[0;32mI (328) heap_init: Initializing. RAM available for dynamic allocation:[0m
[0;32mI (335) heap_init: At 3FFAE6E0 len 00001920 (6 KiB): DRAM[0m
[0;32mI (339) heap_init: At 3FFB4C10 len 0002B3F0 (172 KiB): DRAM[0m
[0;32mI (345) heap_init: At 3FFE0440 len 00003AE0 (14 KiB): D/IRAM[0m
[0;32mI (350) heap_init: At 3FFE4350 len 0001BCB0 (111 KiB): D/IRAM[0m
[0;32mI (356) heap_init: At 4008D57C len 00012A84 (74 KiB): IRAM[0m
[0;32mI (362) spi_flash: detected chip: generic[0m
[0;32mI (365) spi_flash: flash io: dio[0m
[0;33mW (368) spi_flash: Detected size(4096k) larger than the size in the binary image header(2048k). Using the size in the binary image header.[0m
[0;32mI (383) main_task: Started on CPU0[0m
[0;32mI (393) main_task: Calling app_main()[0m

assert failed: tcpip_send_msg_wait_sem /IDF/components/lwip/lwip/src/api/tcpip.c:454 (Invalid mbox)


Backtrace: 0x4008548d:0x3ffb5ba0 0x40085455:0x3ffb5bc0 0x4008b911:0x3ffb5be0 0x400e0c8b:0x3ffb5d00 0x400ec64e:0x3ffb5d30 0x400ec6e1:0x3ffb5d50 0x400e0ae5:0x3ffb5da0 0x400d9e8f:0x3ffb5dc0 0x400da4d8:0x3ffb5e20 0x400d81e5:0x3ffb5e50 0x400d8213:0x3ffb5ee0 0x40128ae8:0x3ffb5f00 0x40085fb5:0x3ffb5f30




ELF file SHA256: 88bdbddc2

Rebooting...
ets Jul 29 2019 12:21:46

rst:0xc (SW_CPU_RESET),boot:0x13 (SPI_FAST_FLASH_BOOT)
configsip: 0, SPIWP:0xee
clk_drv:0x00,q_drv:0x00,d_drv:0x00,cs0_drv:0x00,hd_drv:0x00,wp_drv:0x00
mode:DIO, clock div:2
load:0x3fff0030,len:6380
ho 0 tail 12 room 4
load:0x40078000,len:15916
load:0x40080400,len:3860
entry 0x40080638
[0;32mI (29) boot: ESP-IDF v5.5.1 2nd stage bootloader[0m
[0;32mI (29) boot: compile time Feb  6 2026 20:48:53[0m
[0;32mI (29) boot: Multicore bootloader[0m
[0;32mI (31) boot: chip revision: v3.1[0m
[0;32mI (33) boot.esp32: SPI Speed      : 40MHz[0m
[0;32mI (37) boot.esp32: SPI Mode       : DIO[0m
[0;32mI (41) boot.esp32: SPI Flash Size : 2MB[0m
[0;32mI (44) boot: Enabling RNG early entropy source...[0m
[0;32mI (49) boot: Partition Table:[0m
[0;32mI (51) boot: ## Label            Usage          Type ST Offset   Length[0m
[0;32mI (58) boot:  0 nvs              WiFi data        01 02 00009000 00006000[0m
[0;32mI (64) boot:  1 phy_init         RF data          01 01 0000f000 00001000[0m
[0;32mI (71) boot:  2 factory          factory app      00 00 00010000 00100000[0m
[0;32mI (77) boot: End of partition table[0m
[0;32mI (80) esp_image: segment 0: paddr=00010020 vaddr=3f400020 size=12f24h ( 77604) map[0m
[0;32mI (114) esp_image: segment 1: paddr=00022f4c vaddr=3ffb0000 size=024f8h (  9464) load[0m
[0;32mI (118) esp_image: segment 2: paddr=0002544c vaddr=40080000 size=0abcch ( 43980) load[0m
[0;32mI (136) esp_image: segment 3: paddr=00030020 vaddr=400d0020 size=59404h (365572) map[0m
[0;32mI (261) esp_image: segment 4: paddr=0008942c vaddr=4008abcc size=029b0h ( 10672) load[0m
[0;32mI (265) esp_image: segment 5: paddr=0008bde4 vaddr=50000000 size=00020h (    32) load[0m
[0;32mI (272) boot: Loaded app from partition at offset 0x10000[0m
[0;32mI (272) boot: Disabling RNG early entropy source...[0m
[0;32mI (286) cpu_start: Multicore app[0m
[0;32mI (295) cpu_start: Pro cpu start user code[0m
[0;32mI (295) cpu_start: cpu freq: 160000000 Hz[0m
[0;32mI (295) app_init: Application information:[0m
[0;32mI (295) app_init: Project name:     testing[0m
[0;32mI (299) app_init: App version:      a540103-dirty[0m
[0;32mI (303) app_init: Compile time:     Feb  7 2026 18:42:40[0m
[0;32mI (308) app_init: ELF file SHA256:  88bdbddc2...[0m
[0;32mI (313) app_init: ESP-IDF:          v5.5.1[0m
[0;32mI (316) efuse_init: Min chip rev:     v0.0[0m
[0;32mI (320) efuse_init: Max chip rev:     v3.99 [0m
[0;32mI (324) efuse_init: Chip rev:         v3.1[0m
[0;32mI (328) heap_init: Initializing. RAM available for dynamic allocation:[0m
[0;32mI (335) heap_init: At 3FFAE6E0 len 00001920 (6 KiB): DRAM[0m
[0;32mI (339) heap_init: At 3FFB4C10 len 0002B3F0 (172 KiB): DRAM[0m
[0;32mI (345) heap_init: At 3FFE0440 len 00003AE0 (14 KiB): D/IRAM[0m
[0;32mI (350) heap_init: At 3FFE4350 len 0001BCB0 (111 KiB): D/IRAM[0m
[0;32mI (356) heap_init: At 4008D57C len 00012A84 (74 KiB): IRAM[0m
[0;32mI (362) spi_flash: detected chip: generic[0m
[0;32mI (365) spi_flash: flash io: dio[0m
[0;33mW (367) spi_flash: Detected size(4096k) larger than the size in the binary image header(2048k). Using the size in the binary image header.[0m
[0;32mI (383) main_task: Started on CPU0[0m
[0;32mI (393) main_task: Calling app_main()[0m

assert failed: tcpip_send_msg_wait_sem /IDF/components/lwip/lwip/src/api/tcpip.c:454 (Invalid mbox)


